
  .   ____          _            __ _ _
 /\\ / ___'_ __ _ _(_)_ __  __ _ \ \ \ \
( ( )\___ | '_ | '_| | '_ \/ _` | \ \ \ \
 \\/  ___)| |_)| | | | | || (_| |  ) ) ) )
  '  |____| .__|_| |_|_| |_\__, | / / / /
 =========|_|==============|___/=/_/_/_/
 :: Spring Boot ::                (v3.2.3)

2025-11-21T13:12:02.454+03:00  INFO 12336 --- [           main] c.e.registry.ServiceRegistryApplication  : Starting ServiceRegistryApplication v0.0.1-SNAPSHOT using Java 21.0.8 with PID 12336 (/Users/mergin/Projects/JavaProjects/choreography/infra-service-registry/target/infra-service-registry-0.0.1-SNAPSHOT.jar started by mergin in /Users/mergin/Projects/JavaProjects/choreography)
2025-11-21T13:12:02.463+03:00  INFO 12336 --- [           main] c.e.registry.ServiceRegistryApplication  : No active profile set, falling back to 1 default profile: "default"
2025-11-21T13:12:03.884+03:00  INFO 12336 --- [           main] o.s.cloud.context.scope.GenericScope     : BeanFactory id=504077d7-073c-3d18-8515-55964ad48372
2025-11-21T13:12:03.949+03:00  WARN 12336 --- [           main] trationDelegate$BeanPostProcessorChecker : Bean 'org.springframework.cloud.client.loadbalancer.LoadBalancerAutoConfiguration$LoadBalancerInterceptorConfig' of type [org.springframework.cloud.client.loadbalancer.LoadBalancerAutoConfiguration$LoadBalancerInterceptorConfig] is not eligible for getting processed by all BeanPostProcessors (for example: not eligible for auto-proxying). The currently created BeanPostProcessor [lbRestClientPostProcessor] is declared through a non-static factory method on that class; consider declaring it as static instead.
2025-11-21T13:12:03.953+03:00  WARN 12336 --- [           main] trationDelegate$BeanPostProcessorChecker : Bean 'org.springframework.cloud.loadbalancer.config.BlockingLoadBalancerClientAutoConfiguration' of type [org.springframework.cloud.loadbalancer.config.BlockingLoadBalancerClientAutoConfiguration] is not eligible for getting processed by all BeanPostProcessors (for example: not eligible for auto-proxying). Is this bean getting eagerly injected into a currently created BeanPostProcessor [lbRestClientPostProcessor]? Check the corresponding BeanPostProcessor declaration and its dependencies.
2025-11-21T13:12:03.955+03:00  WARN 12336 --- [           main] trationDelegate$BeanPostProcessorChecker : Bean 'org.springframework.cloud.loadbalancer.config.LoadBalancerAutoConfiguration' of type [org.springframework.cloud.loadbalancer.config.LoadBalancerAutoConfiguration] is not eligible for getting processed by all BeanPostProcessors (for example: not eligible for auto-proxying). Is this bean getting eagerly injected into a currently created BeanPostProcessor [lbRestClientPostProcessor]? Check the corresponding BeanPostProcessor declaration and its dependencies.
2025-11-21T13:12:03.964+03:00  WARN 12336 --- [           main] trationDelegate$BeanPostProcessorChecker : Bean 'org.springframework.cloud.commons.config.CommonsConfigAutoConfiguration' of type [org.springframework.cloud.commons.config.CommonsConfigAutoConfiguration] is not eligible for getting processed by all BeanPostProcessors (for example: not eligible for auto-proxying). Is this bean getting eagerly injected into a currently created BeanPostProcessor [lbRestClientPostProcessor]? Check the corresponding BeanPostProcessor declaration and its dependencies.
2025-11-21T13:12:03.966+03:00  WARN 12336 --- [           main] trationDelegate$BeanPostProcessorChecker : Bean 'org.springframework.cloud.client.loadbalancer.LoadBalancerDefaultMappingsProviderAutoConfiguration' of type [org.springframework.cloud.client.loadbalancer.LoadBalancerDefaultMappingsProviderAutoConfiguration] is not eligible for getting processed by all BeanPostProcessors (for example: not eligible for auto-proxying). Is this bean getting eagerly injected into a currently created BeanPostProcessor [lbRestClientPostProcessor]? Check the corresponding BeanPostProcessor declaration and its dependencies.
2025-11-21T13:12:03.966+03:00  WARN 12336 --- [           main] trationDelegate$BeanPostProcessorChecker : Bean 'loadBalancerClientsDefaultsMappingsProvider' of type [org.springframework.cloud.client.loadbalancer.LoadBalancerDefaultMappingsProviderAutoConfiguration$$Lambda/0x0000000800446778] is not eligible for getting processed by all BeanPostProcessors (for example: not eligible for auto-proxying). Is this bean getting eagerly injected into a currently created BeanPostProcessor [lbRestClientPostProcessor]? Check the corresponding BeanPostProcessor declaration and its dependencies.
2025-11-21T13:12:03.968+03:00  WARN 12336 --- [           main] trationDelegate$BeanPostProcessorChecker : Bean 'defaultsBindHandlerAdvisor' of type [org.springframework.cloud.commons.config.DefaultsBindHandlerAdvisor] is not eligible for getting processed by all BeanPostProcessors (for example: not eligible for auto-proxying). Is this bean getting eagerly injected into a currently created BeanPostProcessor [lbRestClientPostProcessor]? Check the corresponding BeanPostProcessor declaration and its dependencies.
2025-11-21T13:12:03.977+03:00  WARN 12336 --- [           main] trationDelegate$BeanPostProcessorChecker : Bean 'spring.cloud.loadbalancer-org.springframework.cloud.client.loadbalancer.LoadBalancerClientsProperties' of type [org.springframework.cloud.client.loadbalancer.LoadBalancerClientsProperties] is not eligible for getting processed by all BeanPostProcessors (for example: not eligible for auto-proxying). Is this bean getting eagerly injected into a currently created BeanPostProcessor [lbRestClientPostProcessor]? Check the corresponding BeanPostProcessor declaration and its dependencies.
2025-11-21T13:12:03.997+03:00  WARN 12336 --- [           main] trationDelegate$BeanPostProcessorChecker : Bean 'default.org.springframework.cloud.loadbalancer.config.LoadBalancerAutoConfiguration.LoadBalancerClientSpecification' of type [org.springframework.cloud.loadbalancer.annotation.LoadBalancerClientSpecification] is not eligible for getting processed by all BeanPostProcessors (for example: not eligible for auto-proxying). Is this bean getting eagerly injected into a currently created BeanPostProcessor [lbRestClientPostProcessor]? Check the corresponding BeanPostProcessor declaration and its dependencies.
2025-11-21T13:12:03.998+03:00  WARN 12336 --- [           main] trationDelegate$BeanPostProcessorChecker : Bean 'default.org.springframework.cloud.loadbalancer.config.BlockingLoadBalancerClientAutoConfiguration.LoadBalancerClientSpecification' of type [org.springframework.cloud.loadbalancer.annotation.LoadBalancerClientSpecification] is not eligible for getting processed by all BeanPostProcessors (for example: not eligible for auto-proxying). Is this bean getting eagerly injected into a currently created BeanPostProcessor [lbRestClientPostProcessor]? Check the corresponding BeanPostProcessor declaration and its dependencies.
2025-11-21T13:12:03.999+03:00  WARN 12336 --- [           main] trationDelegate$BeanPostProcessorChecker : Bean 'default.org.springframework.cloud.netflix.eureka.loadbalancer.LoadBalancerEurekaAutoConfiguration.LoadBalancerClientSpecification' of type [org.springframework.cloud.loadbalancer.annotation.LoadBalancerClientSpecification] is not eligible for getting processed by all BeanPostProcessors (for example: not eligible for auto-proxying). Is this bean getting eagerly injected into a currently created BeanPostProcessor [lbRestClientPostProcessor]? Check the corresponding BeanPostProcessor declaration and its dependencies.
2025-11-21T13:12:04.004+03:00  WARN 12336 --- [           main] trationDelegate$BeanPostProcessorChecker : Bean 'loadBalancerClientFactory' of type [org.springframework.cloud.loadbalancer.support.LoadBalancerClientFactory] is not eligible for getting processed by all BeanPostProcessors (for example: not eligible for auto-proxying). Is this bean getting eagerly injected into a currently created BeanPostProcessor [lbRestClientPostProcessor]? Check the corresponding BeanPostProcessor declaration and its dependencies.
2025-11-21T13:12:04.007+03:00  WARN 12336 --- [           main] trationDelegate$BeanPostProcessorChecker : Bean 'blockingLoadBalancerClient' of type [org.springframework.cloud.loadbalancer.blocking.client.BlockingLoadBalancerClient] is not eligible for getting processed by all BeanPostProcessors (for example: not eligible for auto-proxying). Is this bean getting eagerly injected into a currently created BeanPostProcessor [lbRestClientPostProcessor]? Check the corresponding BeanPostProcessor declaration and its dependencies.
2025-11-21T13:12:04.017+03:00  WARN 12336 --- [           main] trationDelegate$BeanPostProcessorChecker : Bean 'loadBalancerServiceInstanceCookieTransformer' of type [org.springframework.cloud.loadbalancer.core.LoadBalancerServiceInstanceCookieTransformer] is not eligible for getting processed by all BeanPostProcessors (for example: not eligible for auto-proxying). Is this bean getting eagerly injected into a currently created BeanPostProcessor [lbRestClientPostProcessor]? Check the corresponding BeanPostProcessor declaration and its dependencies.
2025-11-21T13:12:04.018+03:00  WARN 12336 --- [           main] trationDelegate$BeanPostProcessorChecker : Bean 'xForwarderHeadersTransformer' of type [org.springframework.cloud.loadbalancer.blocking.XForwardedHeadersTransformer] is not eligible for getting processed by all BeanPostProcessors (for example: not eligible for auto-proxying). Is this bean getting eagerly injected into a currently created BeanPostProcessor [lbRestClientPostProcessor]? Check the corresponding BeanPostProcessor declaration and its dependencies.
2025-11-21T13:12:04.020+03:00  WARN 12336 --- [           main] trationDelegate$BeanPostProcessorChecker : Bean 'org.springframework.cloud.client.loadbalancer.LoadBalancerAutoConfiguration' of type [org.springframework.cloud.client.loadbalancer.LoadBalancerAutoConfiguration] is not eligible for getting processed by all BeanPostProcessors (for example: not eligible for auto-proxying). Is this bean getting eagerly injected into a currently created BeanPostProcessor [lbRestClientPostProcessor]? Check the corresponding BeanPostProcessor declaration and its dependencies.
2025-11-21T13:12:04.021+03:00  WARN 12336 --- [           main] trationDelegate$BeanPostProcessorChecker : Bean 'loadBalancerRequestFactory' of type [org.springframework.cloud.client.loadbalancer.LoadBalancerRequestFactory] is not eligible for getting processed by all BeanPostProcessors (for example: not eligible for auto-proxying). Is this bean getting eagerly injected into a currently created BeanPostProcessor [lbRestClientPostProcessor]? Check the corresponding BeanPostProcessor declaration and its dependencies.
2025-11-21T13:12:04.022+03:00  WARN 12336 --- [           main] trationDelegate$BeanPostProcessorChecker : Bean 'loadBalancerInterceptor' of type [org.springframework.cloud.client.loadbalancer.LoadBalancerInterceptor] is not eligible for getting processed by all BeanPostProcessors (for example: not eligible for auto-proxying). Is this bean getting eagerly injected into a currently created BeanPostProcessor [lbRestClientPostProcessor]? Check the corresponding BeanPostProcessor declaration and its dependencies.
2025-11-21T13:12:04.296+03:00  INFO 12336 --- [           main] o.s.b.w.embedded.tomcat.TomcatWebServer  : Tomcat initialized with port 8761 (http)
2025-11-21T13:12:04.312+03:00  INFO 12336 --- [           main] o.apache.catalina.core.StandardService   : Starting service [Tomcat]
2025-11-21T13:12:04.312+03:00  INFO 12336 --- [           main] o.apache.catalina.core.StandardEngine    : Starting Servlet engine: [Apache Tomcat/10.1.19]
2025-11-21T13:12:04.353+03:00  INFO 12336 --- [           main] o.a.c.c.C.[Tomcat].[localhost].[/]       : Initializing Spring embedded WebApplicationContext
2025-11-21T13:12:04.354+03:00  INFO 12336 --- [           main] w.s.c.ServletWebServerApplicationContext : Root WebApplicationContext: initialization completed in 1769 ms
2025-11-21T13:12:05.505+03:00  INFO 12336 --- [           main] c.n.d.provider.DiscoveryJerseyProvider   : Using JSON encoding codec LegacyJacksonJson
2025-11-21T13:12:05.506+03:00  INFO 12336 --- [           main] c.n.d.provider.DiscoveryJerseyProvider   : Using JSON decoding codec LegacyJacksonJson
2025-11-21T13:12:05.740+03:00  INFO 12336 --- [           main] c.n.d.provider.DiscoveryJerseyProvider   : Using XML encoding codec XStreamXml
2025-11-21T13:12:05.740+03:00  INFO 12336 --- [           main] c.n.d.provider.DiscoveryJerseyProvider   : Using XML decoding codec XStreamXml
2025-11-21T13:12:06.640+03:00  WARN 12336 --- [           main] iguration$LoadBalancerCaffeineWarnLogger : Spring Cloud LoadBalancer is currently working with the default cache. While this cache implementation is useful for development and tests, it's recommended to use Caffeine cache in production.You can switch to using Caffeine cache, by adding it and org.springframework.cache.caffeine.CaffeineCacheManager to the classpath.
2025-11-21T13:12:06.663+03:00  INFO 12336 --- [           main] o.s.c.n.eureka.InstanceInfoFactory       : Setting initial instance status as: STARTING
2025-11-21T13:12:06.695+03:00  INFO 12336 --- [           main] com.netflix.discovery.DiscoveryClient    : Initializing Eureka in region us-east-1
2025-11-21T13:12:06.695+03:00  INFO 12336 --- [           main] com.netflix.discovery.DiscoveryClient    : Client configured to neither register nor query for data.
2025-11-21T13:12:06.704+03:00  INFO 12336 --- [           main] com.netflix.discovery.DiscoveryClient    : Discovery Client initialized at timestamp 1763719926703 with initial instances count: 0
2025-11-21T13:12:06.744+03:00  INFO 12336 --- [           main] c.n.eureka.DefaultEurekaServerContext    : Initializing ...
2025-11-21T13:12:06.746+03:00  INFO 12336 --- [           main] c.n.eureka.cluster.PeerEurekaNodes       : Adding new peer nodes [http://localhost:8761/eureka/]
2025-11-21T13:12:06.905+03:00  INFO 12336 --- [           main] c.n.d.provider.DiscoveryJerseyProvider   : Using JSON encoding codec LegacyJacksonJson
2025-11-21T13:12:06.905+03:00  INFO 12336 --- [           main] c.n.d.provider.DiscoveryJerseyProvider   : Using JSON decoding codec LegacyJacksonJson
2025-11-21T13:12:06.905+03:00  INFO 12336 --- [           main] c.n.d.provider.DiscoveryJerseyProvider   : Using XML encoding codec XStreamXml
2025-11-21T13:12:06.905+03:00  INFO 12336 --- [           main] c.n.d.provider.DiscoveryJerseyProvider   : Using XML decoding codec XStreamXml
2025-11-21T13:12:07.059+03:00  INFO 12336 --- [           main] c.n.eureka.cluster.PeerEurekaNodes       : Replica node URL:  http://localhost:8761/eureka/
2025-11-21T13:12:07.067+03:00  INFO 12336 --- [           main] c.n.e.registry.AbstractInstanceRegistry  : Finished initializing remote region registries. All known remote regions: []
2025-11-21T13:12:07.069+03:00  INFO 12336 --- [           main] c.n.eureka.DefaultEurekaServerContext    : Initialized
2025-11-21T13:12:07.085+03:00  INFO 12336 --- [           main] o.s.b.a.e.web.EndpointLinksResolver      : Exposing 1 endpoint(s) beneath base path '/actuator'
2025-11-21T13:12:07.144+03:00  INFO 12336 --- [           main] o.s.c.n.e.s.EurekaServiceRegistry        : Registering application UNKNOWN with eureka with status UP
2025-11-21T13:12:07.158+03:00  INFO 12336 --- [       Thread-9] o.s.c.n.e.server.EurekaServerBootstrap   : isAws returned false
2025-11-21T13:12:07.159+03:00  INFO 12336 --- [       Thread-9] o.s.c.n.e.server.EurekaServerBootstrap   : Initialized server context
2025-11-21T13:12:07.159+03:00  INFO 12336 --- [       Thread-9] c.n.e.r.PeerAwareInstanceRegistryImpl    : Got 1 instances from neighboring DS node
2025-11-21T13:12:07.159+03:00  INFO 12336 --- [       Thread-9] c.n.e.r.PeerAwareInstanceRegistryImpl    : Renew threshold is: 1
2025-11-21T13:12:07.159+03:00  INFO 12336 --- [       Thread-9] c.n.e.r.PeerAwareInstanceRegistryImpl    : Changing status to UP
2025-11-21T13:12:07.167+03:00  INFO 12336 --- [       Thread-9] e.s.EurekaServerInitializerConfiguration : Started Eureka Server
2025-11-21T13:12:07.175+03:00  INFO 12336 --- [           main] o.s.b.w.embedded.tomcat.TomcatWebServer  : Tomcat started on port 8761 (http) with context path ''
2025-11-21T13:12:07.176+03:00  INFO 12336 --- [           main] .s.c.n.e.s.EurekaAutoServiceRegistration : Updating port to 8761
2025-11-21T13:12:07.195+03:00  INFO 12336 --- [           main] c.e.registry.ServiceRegistryApplication  : Started ServiceRegistryApplication in 5.42 seconds (process running for 6.145)
2025-11-21T13:12:21.178+03:00  INFO 12336 --- [nio-8761-exec-1] o.a.c.c.C.[Tomcat].[localhost].[/]       : Initializing Spring DispatcherServlet 'dispatcherServlet'
2025-11-21T13:12:21.178+03:00  INFO 12336 --- [nio-8761-exec-1] o.s.web.servlet.DispatcherServlet        : Initializing Servlet 'dispatcherServlet'
2025-11-21T13:12:21.179+03:00  INFO 12336 --- [nio-8761-exec-1] o.s.web.servlet.DispatcherServlet        : Completed initialization in 1 ms
2025-11-21T13:12:21.490+03:00  INFO 12336 --- [nio-8761-exec-2] c.n.e.registry.AbstractInstanceRegistry  : Registered instance CONFIG-SERVER/192.168.0.26:config-server:8888 with status UP (replication=false)
2025-11-21T13:12:22.181+03:00  INFO 12336 --- [nio-8761-exec-3] c.n.e.registry.AbstractInstanceRegistry  : Registered instance CONFIG-SERVER/192.168.0.26:config-server:8888 with status UP (replication=true)
2025-11-21T13:12:36.712+03:00  INFO 12336 --- [nio-8761-exec-5] c.n.e.registry.AbstractInstanceRegistry  : Registered instance API-GATEWAY/192.168.0.26:api-gateway:8080 with status UP (replication=false)
2025-11-21T13:12:37.229+03:00  INFO 12336 --- [nio-8761-exec-6] c.n.e.registry.AbstractInstanceRegistry  : Registered instance API-GATEWAY/192.168.0.26:api-gateway:8080 with status UP (replication=true)
2025-11-21T13:12:50.110+03:00  INFO 12336 --- [io-8761-exec-10] c.n.e.registry.AbstractInstanceRegistry  : Registered instance SHIPPING-SERVICE/192.168.0.26:shipping-service:8083 with status UP (replication=false)
2025-11-21T13:12:50.293+03:00  INFO 12336 --- [nio-8761-exec-1] c.n.e.registry.AbstractInstanceRegistry  : Registered instance PAYMENT-SERVICE/192.168.0.26:payment-service:8082 with status UP (replication=false)
2025-11-21T13:12:50.355+03:00  INFO 12336 --- [nio-8761-exec-2] c.n.e.registry.AbstractInstanceRegistry  : Registered instance ORDER-SERVICE/192.168.0.26:order-service:8081 with status UP (replication=false)
2025-11-21T13:12:50.651+03:00  INFO 12336 --- [nio-8761-exec-3] c.n.e.registry.AbstractInstanceRegistry  : Registered instance SHIPPING-SERVICE/192.168.0.26:shipping-service:8083 with status UP (replication=true)
2025-11-21T13:12:50.652+03:00  INFO 12336 --- [nio-8761-exec-3] c.n.e.registry.AbstractInstanceRegistry  : Registered instance PAYMENT-SERVICE/192.168.0.26:payment-service:8082 with status UP (replication=true)
2025-11-21T13:12:50.653+03:00  INFO 12336 --- [nio-8761-exec-3] c.n.e.registry.AbstractInstanceRegistry  : Registered instance ORDER-SERVICE/192.168.0.26:order-service:8081 with status UP (replication=true)
2025-11-21T13:13:07.166+03:00  INFO 12336 --- [a-EvictionTimer] c.n.e.registry.AbstractInstanceRegistry  : Running the evict task with compensationTime 0ms
2025-11-21T13:14:07.169+03:00  INFO 12336 --- [a-EvictionTimer] c.n.e.registry.AbstractInstanceRegistry  : Running the evict task with compensationTime 2ms
2025-11-21T13:15:07.173+03:00  INFO 12336 --- [a-EvictionTimer] c.n.e.registry.AbstractInstanceRegistry  : Running the evict task with compensationTime 3ms
2025-11-21T13:16:07.178+03:00  INFO 12336 --- [a-EvictionTimer] c.n.e.registry.AbstractInstanceRegistry  : Running the evict task with compensationTime 4ms
