
  .   ____          _            __ _ _
 /\\ / ___'_ __ _ _(_)_ __  __ _ \ \ \ \
( ( )\___ | '_ | '_| | '_ \/ _` | \ \ \ \
 \\/  ___)| |_)| | | | | || (_| |  ) ) ) )
  '  |____| .__|_| |_|_| |_\__, | / / / /
 =========|_|==============|___/=/_/_/_/
 :: Spring Boot ::                (v3.2.3)

2025-11-21T13:12:38.427+03:00  INFO 12370 --- [shipping-service] [           main] c.e.shipping.ShippingServiceApplication  : Starting ShippingServiceApplication v0.0.1-SNAPSHOT using Java 21.0.8 with PID 12370 (/Users/mergin/Projects/JavaProjects/choreography/shipping-service/target/shipping-service-0.0.1-SNAPSHOT.jar started by mergin in /Users/mergin/Projects/JavaProjects/choreography)
2025-11-21T13:12:38.434+03:00  INFO 12370 --- [shipping-service] [           main] c.e.shipping.ShippingServiceApplication  : No active profile set, falling back to 1 default profile: "default"
2025-11-21T13:12:40.036+03:00  INFO 12370 --- [shipping-service] [           main] .s.d.r.c.RepositoryConfigurationDelegate : Bootstrapping Spring Data JPA repositories in DEFAULT mode.
2025-11-21T13:12:40.410+03:00  INFO 12370 --- [shipping-service] [           main] .s.d.r.c.RepositoryConfigurationDelegate : Finished Spring Data repository scanning in 351 ms. Found 1 JPA repository interface.
2025-11-21T13:12:40.980+03:00  INFO 12370 --- [shipping-service] [           main] o.s.cloud.context.scope.GenericScope     : BeanFactory id=2cc42f4a-c990-3acc-9070-d92540fbe4e8
2025-11-21T13:12:41.270+03:00  WARN 12370 --- [shipping-service] [           main] trationDelegate$BeanPostProcessorChecker : Bean 'org.springframework.cloud.client.loadbalancer.LoadBalancerAutoConfiguration$RetryInterceptorAutoConfiguration' of type [org.springframework.cloud.client.loadbalancer.LoadBalancerAutoConfiguration$RetryInterceptorAutoConfiguration] is not eligible for getting processed by all BeanPostProcessors (for example: not eligible for auto-proxying). The currently created BeanPostProcessor [lbRestClientPostProcessor] is declared through a non-static factory method on that class; consider declaring it as static instead.
2025-11-21T13:12:41.275+03:00  WARN 12370 --- [shipping-service] [           main] trationDelegate$BeanPostProcessorChecker : Bean 'org.springframework.cloud.loadbalancer.config.BlockingLoadBalancerClientAutoConfiguration' of type [org.springframework.cloud.loadbalancer.config.BlockingLoadBalancerClientAutoConfiguration] is not eligible for getting processed by all BeanPostProcessors (for example: not eligible for auto-proxying). Is this bean getting eagerly injected into a currently created BeanPostProcessor [lbRestClientPostProcessor]? Check the corresponding BeanPostProcessor declaration and its dependencies.
2025-11-21T13:12:41.278+03:00  WARN 12370 --- [shipping-service] [           main] trationDelegate$BeanPostProcessorChecker : Bean 'org.springframework.cloud.loadbalancer.config.LoadBalancerAutoConfiguration' of type [org.springframework.cloud.loadbalancer.config.LoadBalancerAutoConfiguration] is not eligible for getting processed by all BeanPostProcessors (for example: not eligible for auto-proxying). Is this bean getting eagerly injected into a currently created BeanPostProcessor [lbRestClientPostProcessor]? Check the corresponding BeanPostProcessor declaration and its dependencies.
2025-11-21T13:12:41.293+03:00  WARN 12370 --- [shipping-service] [           main] trationDelegate$BeanPostProcessorChecker : Bean 'org.springframework.cloud.commons.config.CommonsConfigAutoConfiguration' of type [org.springframework.cloud.commons.config.CommonsConfigAutoConfiguration] is not eligible for getting processed by all BeanPostProcessors (for example: not eligible for auto-proxying). Is this bean getting eagerly injected into a currently created BeanPostProcessor [lbRestClientPostProcessor]? Check the corresponding BeanPostProcessor declaration and its dependencies.
2025-11-21T13:12:41.296+03:00  WARN 12370 --- [shipping-service] [           main] trationDelegate$BeanPostProcessorChecker : Bean 'org.springframework.cloud.client.loadbalancer.LoadBalancerDefaultMappingsProviderAutoConfiguration' of type [org.springframework.cloud.client.loadbalancer.LoadBalancerDefaultMappingsProviderAutoConfiguration] is not eligible for getting processed by all BeanPostProcessors (for example: not eligible for auto-proxying). Is this bean getting eagerly injected into a currently created BeanPostProcessor [lbRestClientPostProcessor]? Check the corresponding BeanPostProcessor declaration and its dependencies.
2025-11-21T13:12:41.299+03:00  WARN 12370 --- [shipping-service] [           main] trationDelegate$BeanPostProcessorChecker : Bean 'loadBalancerClientsDefaultsMappingsProvider' of type [org.springframework.cloud.client.loadbalancer.LoadBalancerDefaultMappingsProviderAutoConfiguration$$Lambda/0x00000008004b25a0] is not eligible for getting processed by all BeanPostProcessors (for example: not eligible for auto-proxying). Is this bean getting eagerly injected into a currently created BeanPostProcessor [lbRestClientPostProcessor]? Check the corresponding BeanPostProcessor declaration and its dependencies.
2025-11-21T13:12:41.301+03:00  WARN 12370 --- [shipping-service] [           main] trationDelegate$BeanPostProcessorChecker : Bean 'defaultsBindHandlerAdvisor' of type [org.springframework.cloud.commons.config.DefaultsBindHandlerAdvisor] is not eligible for getting processed by all BeanPostProcessors (for example: not eligible for auto-proxying). Is this bean getting eagerly injected into a currently created BeanPostProcessor [lbRestClientPostProcessor]? Check the corresponding BeanPostProcessor declaration and its dependencies.
2025-11-21T13:12:41.318+03:00  WARN 12370 --- [shipping-service] [           main] trationDelegate$BeanPostProcessorChecker : Bean 'spring.cloud.loadbalancer-org.springframework.cloud.client.loadbalancer.LoadBalancerClientsProperties' of type [org.springframework.cloud.client.loadbalancer.LoadBalancerClientsProperties] is not eligible for getting processed by all BeanPostProcessors (for example: not eligible for auto-proxying). Is this bean getting eagerly injected into a currently created BeanPostProcessor [lbRestClientPostProcessor]? Check the corresponding BeanPostProcessor declaration and its dependencies.
2025-11-21T13:12:41.331+03:00  WARN 12370 --- [shipping-service] [           main] trationDelegate$BeanPostProcessorChecker : Bean 'default.org.springframework.cloud.loadbalancer.config.LoadBalancerAutoConfiguration.LoadBalancerClientSpecification' of type [org.springframework.cloud.loadbalancer.annotation.LoadBalancerClientSpecification] is not eligible for getting processed by all BeanPostProcessors (for example: not eligible for auto-proxying). Is this bean getting eagerly injected into a currently created BeanPostProcessor [lbRestClientPostProcessor]? Check the corresponding BeanPostProcessor declaration and its dependencies.
2025-11-21T13:12:41.333+03:00  WARN 12370 --- [shipping-service] [           main] trationDelegate$BeanPostProcessorChecker : Bean 'default.org.springframework.cloud.loadbalancer.config.BlockingLoadBalancerClientAutoConfiguration.LoadBalancerClientSpecification' of type [org.springframework.cloud.loadbalancer.annotation.LoadBalancerClientSpecification] is not eligible for getting processed by all BeanPostProcessors (for example: not eligible for auto-proxying). Is this bean getting eagerly injected into a currently created BeanPostProcessor [lbRestClientPostProcessor]? Check the corresponding BeanPostProcessor declaration and its dependencies.
2025-11-21T13:12:41.335+03:00  WARN 12370 --- [shipping-service] [           main] trationDelegate$BeanPostProcessorChecker : Bean 'default.org.springframework.cloud.netflix.eureka.loadbalancer.LoadBalancerEurekaAutoConfiguration.LoadBalancerClientSpecification' of type [org.springframework.cloud.loadbalancer.annotation.LoadBalancerClientSpecification] is not eligible for getting processed by all BeanPostProcessors (for example: not eligible for auto-proxying). Is this bean getting eagerly injected into a currently created BeanPostProcessor [lbRestClientPostProcessor]? Check the corresponding BeanPostProcessor declaration and its dependencies.
2025-11-21T13:12:41.337+03:00  WARN 12370 --- [shipping-service] [           main] trationDelegate$BeanPostProcessorChecker : Bean 'loadBalancerClientFactory' of type [org.springframework.cloud.loadbalancer.support.LoadBalancerClientFactory] is not eligible for getting processed by all BeanPostProcessors (for example: not eligible for auto-proxying). Is this bean getting eagerly injected into a currently created BeanPostProcessor [lbRestClientPostProcessor]? Check the corresponding BeanPostProcessor declaration and its dependencies.
2025-11-21T13:12:41.362+03:00  WARN 12370 --- [shipping-service] [           main] trationDelegate$BeanPostProcessorChecker : Bean 'blockingLoadBalancerClient' of type [org.springframework.cloud.loadbalancer.blocking.client.BlockingLoadBalancerClient] is not eligible for getting processed by all BeanPostProcessors (for example: not eligible for auto-proxying). Is this bean getting eagerly injected into a currently created BeanPostProcessor [lbRestClientPostProcessor]? Check the corresponding BeanPostProcessor declaration and its dependencies.
2025-11-21T13:12:41.373+03:00  WARN 12370 --- [shipping-service] [           main] trationDelegate$BeanPostProcessorChecker : Bean 'loadBalancerServiceInstanceCookieTransformer' of type [org.springframework.cloud.loadbalancer.core.LoadBalancerServiceInstanceCookieTransformer] is not eligible for getting processed by all BeanPostProcessors (for example: not eligible for auto-proxying). Is this bean getting eagerly injected into a currently created BeanPostProcessor [lbRestClientPostProcessor]? Check the corresponding BeanPostProcessor declaration and its dependencies.
2025-11-21T13:12:41.376+03:00  WARN 12370 --- [shipping-service] [           main] trationDelegate$BeanPostProcessorChecker : Bean 'xForwarderHeadersTransformer' of type [org.springframework.cloud.loadbalancer.blocking.XForwardedHeadersTransformer] is not eligible for getting processed by all BeanPostProcessors (for example: not eligible for auto-proxying). Is this bean getting eagerly injected into a currently created BeanPostProcessor [lbRestClientPostProcessor]? Check the corresponding BeanPostProcessor declaration and its dependencies.
2025-11-21T13:12:41.379+03:00  WARN 12370 --- [shipping-service] [           main] trationDelegate$BeanPostProcessorChecker : Bean 'org.springframework.cloud.client.loadbalancer.LoadBalancerAutoConfiguration' of type [org.springframework.cloud.client.loadbalancer.LoadBalancerAutoConfiguration] is not eligible for getting processed by all BeanPostProcessors (for example: not eligible for auto-proxying). Is this bean getting eagerly injected into a currently created BeanPostProcessor [lbRestClientPostProcessor]? Check the corresponding BeanPostProcessor declaration and its dependencies.
2025-11-21T13:12:41.381+03:00  WARN 12370 --- [shipping-service] [           main] trationDelegate$BeanPostProcessorChecker : Bean 'loadBalancerRequestFactory' of type [org.springframework.cloud.client.loadbalancer.LoadBalancerRequestFactory] is not eligible for getting processed by all BeanPostProcessors (for example: not eligible for auto-proxying). Is this bean getting eagerly injected into a currently created BeanPostProcessor [lbRestClientPostProcessor]? Check the corresponding BeanPostProcessor declaration and its dependencies.
2025-11-21T13:12:41.383+03:00  WARN 12370 --- [shipping-service] [           main] trationDelegate$BeanPostProcessorChecker : Bean 'org.springframework.cloud.loadbalancer.config.BlockingLoadBalancerClientAutoConfiguration$BlockingLoadBalancerRetryConfig' of type [org.springframework.cloud.loadbalancer.config.BlockingLoadBalancerClientAutoConfiguration$BlockingLoadBalancerRetryConfig$$SpringCGLIB$$0] is not eligible for getting processed by all BeanPostProcessors (for example: not eligible for auto-proxying). Is this bean getting eagerly injected into a currently created BeanPostProcessor [lbRestClientPostProcessor]? Check the corresponding BeanPostProcessor declaration and its dependencies.
2025-11-21T13:12:41.388+03:00  WARN 12370 --- [shipping-service] [           main] trationDelegate$BeanPostProcessorChecker : Bean 'loadBalancedRetryFactory' of type [org.springframework.cloud.loadbalancer.blocking.retry.BlockingLoadBalancedRetryFactory] is not eligible for getting processed by all BeanPostProcessors (for example: not eligible for auto-proxying). Is this bean getting eagerly injected into a currently created BeanPostProcessor [lbRestClientPostProcessor]? Check the corresponding BeanPostProcessor declaration and its dependencies.
2025-11-21T13:12:41.395+03:00  WARN 12370 --- [shipping-service] [           main] trationDelegate$BeanPostProcessorChecker : Bean 'loadBalancerInterceptor' of type [org.springframework.cloud.client.loadbalancer.RetryLoadBalancerInterceptor] is not eligible for getting processed by all BeanPostProcessors (for example: not eligible for auto-proxying). Is this bean getting eagerly injected into a currently created BeanPostProcessor [lbRestClientPostProcessor]? Check the corresponding BeanPostProcessor declaration and its dependencies.
2025-11-21T13:12:41.869+03:00  INFO 12370 --- [shipping-service] [           main] o.s.b.w.embedded.tomcat.TomcatWebServer  : Tomcat initialized with port 8083 (http)
2025-11-21T13:12:41.895+03:00  INFO 12370 --- [shipping-service] [           main] o.apache.catalina.core.StandardService   : Starting service [Tomcat]
2025-11-21T13:12:41.896+03:00  INFO 12370 --- [shipping-service] [           main] o.apache.catalina.core.StandardEngine    : Starting Servlet engine: [Apache Tomcat/10.1.19]
2025-11-21T13:12:41.984+03:00  INFO 12370 --- [shipping-service] [           main] o.a.c.c.C.[Tomcat].[localhost].[/]       : Initializing Spring embedded WebApplicationContext
2025-11-21T13:12:41.986+03:00  INFO 12370 --- [shipping-service] [           main] w.s.c.ServletWebServerApplicationContext : Root WebApplicationContext: initialization completed in 3370 ms
2025-11-21T13:12:42.410+03:00  INFO 12370 --- [shipping-service] [           main] o.hibernate.jpa.internal.util.LogHelper  : HHH000204: Processing PersistenceUnitInfo [name: default]
2025-11-21T13:12:42.564+03:00  INFO 12370 --- [shipping-service] [           main] org.hibernate.Version                    : HHH000412: Hibernate ORM core version 6.4.4.Final
2025-11-21T13:12:42.661+03:00  INFO 12370 --- [shipping-service] [           main] o.h.c.internal.RegionFactoryInitiator    : HHH000026: Second-level cache disabled
2025-11-21T13:12:43.228+03:00  INFO 12370 --- [shipping-service] [           main] o.s.o.j.p.SpringPersistenceUnitInfo      : No LoadTimeWeaver setup: ignoring JPA class transformer
2025-11-21T13:12:43.296+03:00  INFO 12370 --- [shipping-service] [           main] com.zaxxer.hikari.HikariDataSource       : HikariPool-1 - Starting...
2025-11-21T13:12:43.728+03:00  INFO 12370 --- [shipping-service] [           main] com.zaxxer.hikari.pool.HikariPool        : HikariPool-1 - Added connection org.postgresql.jdbc.PgConnection@2e7a9db7
2025-11-21T13:12:43.731+03:00  INFO 12370 --- [shipping-service] [           main] com.zaxxer.hikari.HikariDataSource       : HikariPool-1 - Start completed.
2025-11-21T13:12:45.749+03:00  INFO 12370 --- [shipping-service] [           main] o.h.e.t.j.p.i.JtaPlatformInitiator       : HHH000489: No JTA platform available (set 'hibernate.transaction.jta.platform' to enable JTA platform integration)
2025-11-21T13:12:45.825+03:00  INFO 12370 --- [shipping-service] [           main] j.LocalContainerEntityManagerFactoryBean : Initialized JPA EntityManagerFactory for persistence unit 'default'
2025-11-21T13:12:46.480+03:00  WARN 12370 --- [shipping-service] [           main] JpaBaseConfiguration$JpaWebConfiguration : spring.jpa.open-in-view is enabled by default. Therefore, database queries may be performed during view rendering. Explicitly configure spring.jpa.open-in-view to disable this warning
2025-11-21T13:12:47.978+03:00  INFO 12370 --- [shipping-service] [           main] DiscoveryClientOptionalArgsConfiguration : Eureka HTTP Client uses RestTemplate.
2025-11-21T13:12:48.100+03:00  WARN 12370 --- [shipping-service] [           main] iguration$LoadBalancerCaffeineWarnLogger : Spring Cloud LoadBalancer is currently working with the default cache. While this cache implementation is useful for development and tests, it's recommended to use Caffeine cache in production.You can switch to using Caffeine cache, by adding it and org.springframework.cache.caffeine.CaffeineCacheManager to the classpath.
2025-11-21T13:12:48.248+03:00  INFO 12370 --- [shipping-service] [           main] o.s.c.n.eureka.InstanceInfoFactory       : Setting initial instance status as: STARTING
2025-11-21T13:12:48.523+03:00  INFO 12370 --- [shipping-service] [           main] com.netflix.discovery.DiscoveryClient    : Initializing Eureka in region us-east-1
2025-11-21T13:12:48.534+03:00  INFO 12370 --- [shipping-service] [           main] c.n.d.s.r.aws.ConfigClusterResolver      : Resolving eureka endpoints via configuration
2025-11-21T13:12:48.615+03:00  INFO 12370 --- [shipping-service] [           main] com.netflix.discovery.DiscoveryClient    : Disable delta property : false
2025-11-21T13:12:48.616+03:00  INFO 12370 --- [shipping-service] [           main] com.netflix.discovery.DiscoveryClient    : Single vip registry refresh property : null
2025-11-21T13:12:48.616+03:00  INFO 12370 --- [shipping-service] [           main] com.netflix.discovery.DiscoveryClient    : Force full registry fetch : false
2025-11-21T13:12:48.616+03:00  INFO 12370 --- [shipping-service] [           main] com.netflix.discovery.DiscoveryClient    : Application is null : false
2025-11-21T13:12:48.616+03:00  INFO 12370 --- [shipping-service] [           main] com.netflix.discovery.DiscoveryClient    : Registered Applications size is zero : true
2025-11-21T13:12:48.616+03:00  INFO 12370 --- [shipping-service] [           main] com.netflix.discovery.DiscoveryClient    : Application version is -1: true
2025-11-21T13:12:48.616+03:00  INFO 12370 --- [shipping-service] [           main] com.netflix.discovery.DiscoveryClient    : Getting all instance registry info from the eureka server
2025-11-21T13:12:49.923+03:00  INFO 12370 --- [shipping-service] [           main] com.netflix.discovery.DiscoveryClient    : The response status is 200
2025-11-21T13:12:49.935+03:00  INFO 12370 --- [shipping-service] [           main] com.netflix.discovery.DiscoveryClient    : Starting heartbeat executor: renew interval is: 30
2025-11-21T13:12:49.941+03:00  INFO 12370 --- [shipping-service] [           main] c.n.discovery.InstanceInfoReplicator     : InstanceInfoReplicator onDemand update allowed rate per min is 4
2025-11-21T13:12:49.950+03:00  INFO 12370 --- [shipping-service] [           main] com.netflix.discovery.DiscoveryClient    : Discovery Client initialized at timestamp 1763719969949 with initial instances count: 1
2025-11-21T13:12:49.999+03:00  INFO 12370 --- [shipping-service] [           main] o.s.c.n.e.s.EurekaServiceRegistry        : Registering application SHIPPING-SERVICE with eureka with status UP
2025-11-21T13:12:50.000+03:00  INFO 12370 --- [shipping-service] [           main] com.netflix.discovery.DiscoveryClient    : Saw local status change event StatusChangeEvent [timestamp=1763719970000, current=UP, previous=STARTING]
2025-11-21T13:12:50.004+03:00  INFO 12370 --- [shipping-service] [nfoReplicator-0] com.netflix.discovery.DiscoveryClient    : DiscoveryClient_SHIPPING-SERVICE/192.168.0.26:shipping-service:8083: registering service...
2025-11-21T13:12:50.075+03:00  INFO 12370 --- [shipping-service] [           main] o.s.b.w.embedded.tomcat.TomcatWebServer  : Tomcat started on port 8083 (http) with context path ''
2025-11-21T13:12:50.078+03:00  INFO 12370 --- [shipping-service] [           main] .s.c.n.e.s.EurekaAutoServiceRegistration : Updating port to 8083
2025-11-21T13:12:50.122+03:00  INFO 12370 --- [shipping-service] [nfoReplicator-0] com.netflix.discovery.DiscoveryClient    : DiscoveryClient_SHIPPING-SERVICE/192.168.0.26:shipping-service:8083 - registration status: 204
2025-11-21T13:12:50.274+03:00  INFO 12370 --- [shipping-service] [           main] o.a.k.clients.consumer.ConsumerConfig    : ConsumerConfig values: 
	allow.auto.create.topics = true
	auto.commit.interval.ms = 5000
	auto.include.jmx.reporter = true
	auto.offset.reset = earliest
	bootstrap.servers = [localhost:9093]
	check.crcs = true
	client.dns.lookup = use_all_dns_ips
	client.id = consumer-shipping-group-1
	client.rack = 
	connections.max.idle.ms = 540000
	default.api.timeout.ms = 60000
	enable.auto.commit = false
	exclude.internal.topics = true
	fetch.max.bytes = 52428800
	fetch.max.wait.ms = 500
	fetch.min.bytes = 1
	group.id = shipping-group
	group.instance.id = null
	heartbeat.interval.ms = 3000
	interceptor.classes = []
	internal.leave.group.on.close = true
	internal.throw.on.fetch.stable.offset.unsupported = false
	isolation.level = read_uncommitted
	key.deserializer = class org.apache.kafka.common.serialization.StringDeserializer
	max.partition.fetch.bytes = 1048576
	max.poll.interval.ms = 300000
	max.poll.records = 500
	metadata.max.age.ms = 300000
	metric.reporters = []
	metrics.num.samples = 2
	metrics.recording.level = INFO
	metrics.sample.window.ms = 30000
	partition.assignment.strategy = [class org.apache.kafka.clients.consumer.RangeAssignor, class org.apache.kafka.clients.consumer.CooperativeStickyAssignor]
	receive.buffer.bytes = 65536
	reconnect.backoff.max.ms = 1000
	reconnect.backoff.ms = 50
	request.timeout.ms = 30000
	retry.backoff.ms = 100
	sasl.client.callback.handler.class = null
	sasl.jaas.config = null
	sasl.kerberos.kinit.cmd = /usr/bin/kinit
	sasl.kerberos.min.time.before.relogin = 60000
	sasl.kerberos.service.name = null
	sasl.kerberos.ticket.renew.jitter = 0.05
	sasl.kerberos.ticket.renew.window.factor = 0.8
	sasl.login.callback.handler.class = null
	sasl.login.class = null
	sasl.login.connect.timeout.ms = null
	sasl.login.read.timeout.ms = null
	sasl.login.refresh.buffer.seconds = 300
	sasl.login.refresh.min.period.seconds = 60
	sasl.login.refresh.window.factor = 0.8
	sasl.login.refresh.window.jitter = 0.05
	sasl.login.retry.backoff.max.ms = 10000
	sasl.login.retry.backoff.ms = 100
	sasl.mechanism = GSSAPI
	sasl.oauthbearer.clock.skew.seconds = 30
	sasl.oauthbearer.expected.audience = null
	sasl.oauthbearer.expected.issuer = null
	sasl.oauthbearer.jwks.endpoint.refresh.ms = 3600000
	sasl.oauthbearer.jwks.endpoint.retry.backoff.max.ms = 10000
	sasl.oauthbearer.jwks.endpoint.retry.backoff.ms = 100
	sasl.oauthbearer.jwks.endpoint.url = null
	sasl.oauthbearer.scope.claim.name = scope
	sasl.oauthbearer.sub.claim.name = sub
	sasl.oauthbearer.token.endpoint.url = null
	security.protocol = PLAINTEXT
	security.providers = null
	send.buffer.bytes = 131072
	session.timeout.ms = 45000
	socket.connection.setup.timeout.max.ms = 30000
	socket.connection.setup.timeout.ms = 10000
	ssl.cipher.suites = null
	ssl.enabled.protocols = [TLSv1.2, TLSv1.3]
	ssl.endpoint.identification.algorithm = https
	ssl.engine.factory.class = null
	ssl.key.password = null
	ssl.keymanager.algorithm = SunX509
	ssl.keystore.certificate.chain = null
	ssl.keystore.key = null
	ssl.keystore.location = null
	ssl.keystore.password = null
	ssl.keystore.type = JKS
	ssl.protocol = TLSv1.3
	ssl.provider = null
	ssl.secure.random.implementation = null
	ssl.trustmanager.algorithm = PKIX
	ssl.truststore.certificates = null
	ssl.truststore.location = null
	ssl.truststore.password = null
	ssl.truststore.type = JKS
	value.deserializer = class org.springframework.kafka.support.serializer.JsonDeserializer

2025-11-21T13:12:50.462+03:00  INFO 12370 --- [shipping-service] [           main] o.a.kafka.common.utils.AppInfoParser     : Kafka version: 3.6.1
2025-11-21T13:12:50.462+03:00  INFO 12370 --- [shipping-service] [           main] o.a.kafka.common.utils.AppInfoParser     : Kafka commitId: 5e3c2b738d253ff5
2025-11-21T13:12:50.462+03:00  INFO 12370 --- [shipping-service] [           main] o.a.kafka.common.utils.AppInfoParser     : Kafka startTimeMs: 1763719970459
2025-11-21T13:12:50.469+03:00  INFO 12370 --- [shipping-service] [           main] fkaConsumerFactory$ExtendedKafkaConsumer : [Consumer clientId=consumer-shipping-group-1, groupId=shipping-group] Subscribed to topic(s): payment-processed-event
2025-11-21T13:12:50.508+03:00  INFO 12370 --- [shipping-service] [           main] c.e.shipping.ShippingServiceApplication  : Started ShippingServiceApplication in 13.175 seconds (process running for 14.414)
2025-11-21T13:12:51.087+03:00  INFO 12370 --- [shipping-service] [ntainer#0-0-C-1] org.apache.kafka.clients.Metadata        : [Consumer clientId=consumer-shipping-group-1, groupId=shipping-group] Cluster ID: otAbamp6TGaCtLm44d4GwA
2025-11-21T13:12:51.089+03:00  INFO 12370 --- [shipping-service] [ntainer#0-0-C-1] o.a.k.c.c.internals.ConsumerCoordinator  : [Consumer clientId=consumer-shipping-group-1, groupId=shipping-group] Discovered group coordinator localhost:9093 (id: 2147483646 rack: null)
2025-11-21T13:12:51.092+03:00  INFO 12370 --- [shipping-service] [ntainer#0-0-C-1] o.a.k.c.c.internals.ConsumerCoordinator  : [Consumer clientId=consumer-shipping-group-1, groupId=shipping-group] (Re-)joining group
2025-11-21T13:12:51.120+03:00  INFO 12370 --- [shipping-service] [ntainer#0-0-C-1] o.a.k.c.c.internals.ConsumerCoordinator  : [Consumer clientId=consumer-shipping-group-1, groupId=shipping-group] Request joining group due to: need to re-join with the given member-id: consumer-shipping-group-1-2e69679f-8051-4f49-9e39-b41870501e69
2025-11-21T13:12:51.120+03:00  INFO 12370 --- [shipping-service] [ntainer#0-0-C-1] o.a.k.c.c.internals.ConsumerCoordinator  : [Consumer clientId=consumer-shipping-group-1, groupId=shipping-group] Request joining group due to: rebalance failed due to 'The group member needs to have a valid member id before actually entering a consumer group.' (MemberIdRequiredException)
2025-11-21T13:12:51.121+03:00  INFO 12370 --- [shipping-service] [ntainer#0-0-C-1] o.a.k.c.c.internals.ConsumerCoordinator  : [Consumer clientId=consumer-shipping-group-1, groupId=shipping-group] (Re-)joining group
2025-11-21T13:12:54.126+03:00  INFO 12370 --- [shipping-service] [ntainer#0-0-C-1] o.a.k.c.c.internals.ConsumerCoordinator  : [Consumer clientId=consumer-shipping-group-1, groupId=shipping-group] Successfully joined group with generation Generation{generationId=17, memberId='consumer-shipping-group-1-2e69679f-8051-4f49-9e39-b41870501e69', protocol='range'}
2025-11-21T13:12:54.134+03:00  INFO 12370 --- [shipping-service] [ntainer#0-0-C-1] o.a.k.c.c.internals.ConsumerCoordinator  : [Consumer clientId=consumer-shipping-group-1, groupId=shipping-group] Finished assignment for group at generation 17: {consumer-shipping-group-1-2e69679f-8051-4f49-9e39-b41870501e69=Assignment(partitions=[payment-processed-event-0])}
2025-11-21T13:12:54.141+03:00  INFO 12370 --- [shipping-service] [ntainer#0-0-C-1] o.a.k.c.c.internals.ConsumerCoordinator  : [Consumer clientId=consumer-shipping-group-1, groupId=shipping-group] Successfully synced group in generation Generation{generationId=17, memberId='consumer-shipping-group-1-2e69679f-8051-4f49-9e39-b41870501e69', protocol='range'}
2025-11-21T13:12:54.141+03:00  INFO 12370 --- [shipping-service] [ntainer#0-0-C-1] o.a.k.c.c.internals.ConsumerCoordinator  : [Consumer clientId=consumer-shipping-group-1, groupId=shipping-group] Notifying assignor about the new Assignment(partitions=[payment-processed-event-0])
2025-11-21T13:12:54.145+03:00  INFO 12370 --- [shipping-service] [ntainer#0-0-C-1] o.a.k.c.c.internals.ConsumerCoordinator  : [Consumer clientId=consumer-shipping-group-1, groupId=shipping-group] Adding newly assigned partitions: payment-processed-event-0
2025-11-21T13:12:54.156+03:00  INFO 12370 --- [shipping-service] [ntainer#0-0-C-1] o.a.k.c.c.internals.ConsumerCoordinator  : [Consumer clientId=consumer-shipping-group-1, groupId=shipping-group] Setting offset for partition payment-processed-event-0 to the committed offset FetchPosition{offset=3, offsetEpoch=Optional.empty, currentLeader=LeaderAndEpoch{leader=Optional[localhost:9093 (id: 1 rack: null)], epoch=0}}
2025-11-21T13:12:54.157+03:00  INFO 12370 --- [shipping-service] [ntainer#0-0-C-1] o.s.k.l.KafkaMessageListenerContainer    : shipping-group: partitions assigned: [payment-processed-event-0]
2025-11-21T13:13:09.145+03:00  INFO 12370 --- [shipping-service] [ntainer#0-0-C-1] c.e.shipping.service.ShippingConsumer    : Consumed PaymentProcessedEvent: PaymentProcessedEvent(orderId=ae31faee-6bc2-46b4-982c-0d2a89aac21d, amount=100.0)
Hibernate: insert into shipping (order_id,status,tracking_id,id) values (?,?,?,?)
2025-11-21T13:13:09.234+03:00  INFO 12370 --- [shipping-service] [ntainer#0-0-C-1] fkaConsumerFactory$ExtendedKafkaConsumer : [Consumer clientId=consumer-shipping-group-1, groupId=shipping-group] Seeking to offset 3 for partition payment-processed-event-0
2025-11-21T13:13:09.235+03:00 ERROR 12370 --- [shipping-service] [ntainer#0-0-C-1] o.s.k.l.KafkaMessageListenerContainer    : Error handler threw an exception

org.springframework.kafka.KafkaException: Seek to current after exception
	at org.springframework.kafka.listener.SeekUtils.seekOrRecover(SeekUtils.java:208) ~[spring-kafka-3.1.2.jar!/:3.1.2]
	at org.springframework.kafka.listener.DefaultErrorHandler.handleRemaining(DefaultErrorHandler.java:168) ~[spring-kafka-3.1.2.jar!/:3.1.2]
	at org.springframework.kafka.listener.KafkaMessageListenerContainer$ListenerConsumer.invokeErrorHandler(KafkaMessageListenerContainer.java:2909) ~[spring-kafka-3.1.2.jar!/:3.1.2]
	at org.springframework.kafka.listener.KafkaMessageListenerContainer$ListenerConsumer.lambda$doInvokeRecordListener$55(KafkaMessageListenerContainer.java:2780) ~[spring-kafka-3.1.2.jar!/:3.1.2]
	at io.micrometer.observation.Observation.observe(Observation.java:565) ~[micrometer-observation-1.12.3.jar!/:1.12.3]
	at org.springframework.kafka.listener.KafkaMessageListenerContainer$ListenerConsumer.doInvokeRecordListener(KafkaMessageListenerContainer.java:2767) ~[spring-kafka-3.1.2.jar!/:3.1.2]
	at org.springframework.kafka.listener.KafkaMessageListenerContainer$ListenerConsumer.doInvokeWithRecords(KafkaMessageListenerContainer.java:2620) ~[spring-kafka-3.1.2.jar!/:3.1.2]
	at org.springframework.kafka.listener.KafkaMessageListenerContainer$ListenerConsumer.invokeRecordListener(KafkaMessageListenerContainer.java:2506) ~[spring-kafka-3.1.2.jar!/:3.1.2]
	at org.springframework.kafka.listener.KafkaMessageListenerContainer$ListenerConsumer.invokeListener(KafkaMessageListenerContainer.java:2148) ~[spring-kafka-3.1.2.jar!/:3.1.2]
	at org.springframework.kafka.listener.KafkaMessageListenerContainer$ListenerConsumer.invokeIfHaveRecords(KafkaMessageListenerContainer.java:1488) ~[spring-kafka-3.1.2.jar!/:3.1.2]
	at org.springframework.kafka.listener.KafkaMessageListenerContainer$ListenerConsumer.pollAndInvoke(KafkaMessageListenerContainer.java:1453) ~[spring-kafka-3.1.2.jar!/:3.1.2]
	at org.springframework.kafka.listener.KafkaMessageListenerContainer$ListenerConsumer.run(KafkaMessageListenerContainer.java:1323) ~[spring-kafka-3.1.2.jar!/:3.1.2]
	at java.base/java.util.concurrent.CompletableFuture$AsyncRun.run(CompletableFuture.java:1804) ~[na:na]
	at java.base/java.lang.Thread.run(Thread.java:1583) ~[na:na]
Caused by: org.springframework.kafka.listener.ListenerExecutionFailedException: Listener method 'public void com.example.shipping.service.ShippingConsumer.consumePaymentProcessedEvent(com.example.common.events.PaymentProcessedEvent)' threw exception
	at org.springframework.kafka.listener.KafkaMessageListenerContainer$ListenerConsumer.decorateException(KafkaMessageListenerContainer.java:2942) ~[spring-kafka-3.1.2.jar!/:3.1.2]
	at org.springframework.kafka.listener.KafkaMessageListenerContainer$ListenerConsumer.doInvokeOnMessage(KafkaMessageListenerContainer.java:2887) ~[spring-kafka-3.1.2.jar!/:3.1.2]
	at org.springframework.kafka.listener.KafkaMessageListenerContainer$ListenerConsumer.invokeOnMessage(KafkaMessageListenerContainer.java:2851) ~[spring-kafka-3.1.2.jar!/:3.1.2]
	at org.springframework.kafka.listener.KafkaMessageListenerContainer$ListenerConsumer.lambda$doInvokeRecordListener$55(KafkaMessageListenerContainer.java:2769) ~[spring-kafka-3.1.2.jar!/:3.1.2]
	... 10 common frames omitted
	Suppressed: org.springframework.kafka.listener.ListenerExecutionFailedException: Restored Stack Trace
		at org.springframework.kafka.listener.adapter.MessagingMessageListenerAdapter.invokeHandler(MessagingMessageListenerAdapter.java:391) ~[spring-kafka-3.1.2.jar!/:3.1.2]
		at org.springframework.kafka.listener.adapter.RecordMessagingMessageListenerAdapter.onMessage(RecordMessagingMessageListenerAdapter.java:92) ~[spring-kafka-3.1.2.jar!/:3.1.2]
		at org.springframework.kafka.listener.adapter.RecordMessagingMessageListenerAdapter.onMessage(RecordMessagingMessageListenerAdapter.java:53) ~[spring-kafka-3.1.2.jar!/:3.1.2]
		at org.springframework.kafka.listener.KafkaMessageListenerContainer$ListenerConsumer.doInvokeOnMessage(KafkaMessageListenerContainer.java:2873) ~[spring-kafka-3.1.2.jar!/:3.1.2]
Caused by: java.lang.ArithmeticException: / by zero
	at com.example.shipping.service.ShippingProducer.sendShippingArrangedEvent(ShippingProducer.java:15) ~[!/:0.0.1-SNAPSHOT]
	at com.example.shipping.service.ShippingConsumer.consumePaymentProcessedEvent(ShippingConsumer.java:33) ~[!/:0.0.1-SNAPSHOT]
	at java.base/jdk.internal.reflect.DirectMethodHandleAccessor.invoke(DirectMethodHandleAccessor.java:103) ~[na:na]
	at java.base/java.lang.reflect.Method.invoke(Method.java:580) ~[na:na]
	at org.springframework.messaging.handler.invocation.InvocableHandlerMethod.doInvoke(InvocableHandlerMethod.java:169) ~[spring-messaging-6.1.4.jar!/:6.1.4]
	at org.springframework.messaging.handler.invocation.InvocableHandlerMethod.invoke(InvocableHandlerMethod.java:119) ~[spring-messaging-6.1.4.jar!/:6.1.4]
	at org.springframework.kafka.listener.adapter.HandlerAdapter.invoke(HandlerAdapter.java:56) ~[spring-kafka-3.1.2.jar!/:3.1.2]
	at org.springframework.kafka.listener.adapter.MessagingMessageListenerAdapter.invokeHandler(MessagingMessageListenerAdapter.java:376) ~[spring-kafka-3.1.2.jar!/:3.1.2]
	at org.springframework.kafka.listener.adapter.RecordMessagingMessageListenerAdapter.onMessage(RecordMessagingMessageListenerAdapter.java:92) ~[spring-kafka-3.1.2.jar!/:3.1.2]
	at org.springframework.kafka.listener.adapter.RecordMessagingMessageListenerAdapter.onMessage(RecordMessagingMessageListenerAdapter.java:53) ~[spring-kafka-3.1.2.jar!/:3.1.2]
	at org.springframework.kafka.listener.KafkaMessageListenerContainer$ListenerConsumer.doInvokeOnMessage(KafkaMessageListenerContainer.java:2873) ~[spring-kafka-3.1.2.jar!/:3.1.2]
	... 12 common frames omitted

2025-11-21T13:13:09.644+03:00  INFO 12370 --- [shipping-service] [ntainer#0-0-C-1] c.e.shipping.service.ShippingConsumer    : Consumed PaymentProcessedEvent: PaymentProcessedEvent(orderId=ae31faee-6bc2-46b4-982c-0d2a89aac21d, amount=100.0)
Hibernate: insert into shipping (order_id,status,tracking_id,id) values (?,?,?,?)
2025-11-21T13:13:09.660+03:00  INFO 12370 --- [shipping-service] [ntainer#0-0-C-1] fkaConsumerFactory$ExtendedKafkaConsumer : [Consumer clientId=consumer-shipping-group-1, groupId=shipping-group] Seeking to offset 3 for partition payment-processed-event-0
2025-11-21T13:13:09.660+03:00 ERROR 12370 --- [shipping-service] [ntainer#0-0-C-1] o.s.k.l.KafkaMessageListenerContainer    : Error handler threw an exception

org.springframework.kafka.KafkaException: Seek to current after exception
	at org.springframework.kafka.listener.SeekUtils.seekOrRecover(SeekUtils.java:208) ~[spring-kafka-3.1.2.jar!/:3.1.2]
	at org.springframework.kafka.listener.DefaultErrorHandler.handleRemaining(DefaultErrorHandler.java:168) ~[spring-kafka-3.1.2.jar!/:3.1.2]
	at org.springframework.kafka.listener.KafkaMessageListenerContainer$ListenerConsumer.invokeErrorHandler(KafkaMessageListenerContainer.java:2909) ~[spring-kafka-3.1.2.jar!/:3.1.2]
	at org.springframework.kafka.listener.KafkaMessageListenerContainer$ListenerConsumer.lambda$doInvokeRecordListener$55(KafkaMessageListenerContainer.java:2780) ~[spring-kafka-3.1.2.jar!/:3.1.2]
	at io.micrometer.observation.Observation.observe(Observation.java:565) ~[micrometer-observation-1.12.3.jar!/:1.12.3]
	at org.springframework.kafka.listener.KafkaMessageListenerContainer$ListenerConsumer.doInvokeRecordListener(KafkaMessageListenerContainer.java:2767) ~[spring-kafka-3.1.2.jar!/:3.1.2]
	at org.springframework.kafka.listener.KafkaMessageListenerContainer$ListenerConsumer.doInvokeWithRecords(KafkaMessageListenerContainer.java:2620) ~[spring-kafka-3.1.2.jar!/:3.1.2]
	at org.springframework.kafka.listener.KafkaMessageListenerContainer$ListenerConsumer.invokeRecordListener(KafkaMessageListenerContainer.java:2506) ~[spring-kafka-3.1.2.jar!/:3.1.2]
	at org.springframework.kafka.listener.KafkaMessageListenerContainer$ListenerConsumer.invokeListener(KafkaMessageListenerContainer.java:2148) ~[spring-kafka-3.1.2.jar!/:3.1.2]
	at org.springframework.kafka.listener.KafkaMessageListenerContainer$ListenerConsumer.invokeIfHaveRecords(KafkaMessageListenerContainer.java:1488) ~[spring-kafka-3.1.2.jar!/:3.1.2]
	at org.springframework.kafka.listener.KafkaMessageListenerContainer$ListenerConsumer.pollAndInvoke(KafkaMessageListenerContainer.java:1453) ~[spring-kafka-3.1.2.jar!/:3.1.2]
	at org.springframework.kafka.listener.KafkaMessageListenerContainer$ListenerConsumer.run(KafkaMessageListenerContainer.java:1323) ~[spring-kafka-3.1.2.jar!/:3.1.2]
	at java.base/java.util.concurrent.CompletableFuture$AsyncRun.run(CompletableFuture.java:1804) ~[na:na]
	at java.base/java.lang.Thread.run(Thread.java:1583) ~[na:na]
Caused by: org.springframework.kafka.listener.ListenerExecutionFailedException: Listener method 'public void com.example.shipping.service.ShippingConsumer.consumePaymentProcessedEvent(com.example.common.events.PaymentProcessedEvent)' threw exception
	at org.springframework.kafka.listener.KafkaMessageListenerContainer$ListenerConsumer.decorateException(KafkaMessageListenerContainer.java:2942) ~[spring-kafka-3.1.2.jar!/:3.1.2]
	at org.springframework.kafka.listener.KafkaMessageListenerContainer$ListenerConsumer.doInvokeOnMessage(KafkaMessageListenerContainer.java:2887) ~[spring-kafka-3.1.2.jar!/:3.1.2]
	at org.springframework.kafka.listener.KafkaMessageListenerContainer$ListenerConsumer.invokeOnMessage(KafkaMessageListenerContainer.java:2851) ~[spring-kafka-3.1.2.jar!/:3.1.2]
	at org.springframework.kafka.listener.KafkaMessageListenerContainer$ListenerConsumer.lambda$doInvokeRecordListener$55(KafkaMessageListenerContainer.java:2769) ~[spring-kafka-3.1.2.jar!/:3.1.2]
	... 10 common frames omitted
	Suppressed: org.springframework.kafka.listener.ListenerExecutionFailedException: Restored Stack Trace
		at org.springframework.kafka.listener.adapter.MessagingMessageListenerAdapter.invokeHandler(MessagingMessageListenerAdapter.java:391) ~[spring-kafka-3.1.2.jar!/:3.1.2]
		at org.springframework.kafka.listener.adapter.RecordMessagingMessageListenerAdapter.onMessage(RecordMessagingMessageListenerAdapter.java:92) ~[spring-kafka-3.1.2.jar!/:3.1.2]
		at org.springframework.kafka.listener.adapter.RecordMessagingMessageListenerAdapter.onMessage(RecordMessagingMessageListenerAdapter.java:53) ~[spring-kafka-3.1.2.jar!/:3.1.2]
		at org.springframework.kafka.listener.KafkaMessageListenerContainer$ListenerConsumer.doInvokeOnMessage(KafkaMessageListenerContainer.java:2873) ~[spring-kafka-3.1.2.jar!/:3.1.2]
Caused by: java.lang.ArithmeticException: / by zero
	at com.example.shipping.service.ShippingProducer.sendShippingArrangedEvent(ShippingProducer.java:15) ~[!/:0.0.1-SNAPSHOT]
	at com.example.shipping.service.ShippingConsumer.consumePaymentProcessedEvent(ShippingConsumer.java:33) ~[!/:0.0.1-SNAPSHOT]
	at java.base/jdk.internal.reflect.DirectMethodHandleAccessor.invoke(DirectMethodHandleAccessor.java:103) ~[na:na]
	at java.base/java.lang.reflect.Method.invoke(Method.java:580) ~[na:na]
	at org.springframework.messaging.handler.invocation.InvocableHandlerMethod.doInvoke(InvocableHandlerMethod.java:169) ~[spring-messaging-6.1.4.jar!/:6.1.4]
	at org.springframework.messaging.handler.invocation.InvocableHandlerMethod.invoke(InvocableHandlerMethod.java:119) ~[spring-messaging-6.1.4.jar!/:6.1.4]
	at org.springframework.kafka.listener.adapter.HandlerAdapter.invoke(HandlerAdapter.java:56) ~[spring-kafka-3.1.2.jar!/:3.1.2]
	at org.springframework.kafka.listener.adapter.MessagingMessageListenerAdapter.invokeHandler(MessagingMessageListenerAdapter.java:376) ~[spring-kafka-3.1.2.jar!/:3.1.2]
	at org.springframework.kafka.listener.adapter.RecordMessagingMessageListenerAdapter.onMessage(RecordMessagingMessageListenerAdapter.java:92) ~[spring-kafka-3.1.2.jar!/:3.1.2]
	at org.springframework.kafka.listener.adapter.RecordMessagingMessageListenerAdapter.onMessage(RecordMessagingMessageListenerAdapter.java:53) ~[spring-kafka-3.1.2.jar!/:3.1.2]
	at org.springframework.kafka.listener.KafkaMessageListenerContainer$ListenerConsumer.doInvokeOnMessage(KafkaMessageListenerContainer.java:2873) ~[spring-kafka-3.1.2.jar!/:3.1.2]
	... 12 common frames omitted

2025-11-21T13:13:10.150+03:00  INFO 12370 --- [shipping-service] [ntainer#0-0-C-1] c.e.shipping.service.ShippingConsumer    : Consumed PaymentProcessedEvent: PaymentProcessedEvent(orderId=ae31faee-6bc2-46b4-982c-0d2a89aac21d, amount=100.0)
Hibernate: insert into shipping (order_id,status,tracking_id,id) values (?,?,?,?)
2025-11-21T13:13:10.165+03:00  INFO 12370 --- [shipping-service] [ntainer#0-0-C-1] fkaConsumerFactory$ExtendedKafkaConsumer : [Consumer clientId=consumer-shipping-group-1, groupId=shipping-group] Seeking to offset 3 for partition payment-processed-event-0
2025-11-21T13:13:10.165+03:00 ERROR 12370 --- [shipping-service] [ntainer#0-0-C-1] o.s.k.l.KafkaMessageListenerContainer    : Error handler threw an exception

org.springframework.kafka.KafkaException: Seek to current after exception
	at org.springframework.kafka.listener.SeekUtils.seekOrRecover(SeekUtils.java:208) ~[spring-kafka-3.1.2.jar!/:3.1.2]
	at org.springframework.kafka.listener.DefaultErrorHandler.handleRemaining(DefaultErrorHandler.java:168) ~[spring-kafka-3.1.2.jar!/:3.1.2]
	at org.springframework.kafka.listener.KafkaMessageListenerContainer$ListenerConsumer.invokeErrorHandler(KafkaMessageListenerContainer.java:2909) ~[spring-kafka-3.1.2.jar!/:3.1.2]
	at org.springframework.kafka.listener.KafkaMessageListenerContainer$ListenerConsumer.lambda$doInvokeRecordListener$55(KafkaMessageListenerContainer.java:2780) ~[spring-kafka-3.1.2.jar!/:3.1.2]
	at io.micrometer.observation.Observation.observe(Observation.java:565) ~[micrometer-observation-1.12.3.jar!/:1.12.3]
	at org.springframework.kafka.listener.KafkaMessageListenerContainer$ListenerConsumer.doInvokeRecordListener(KafkaMessageListenerContainer.java:2767) ~[spring-kafka-3.1.2.jar!/:3.1.2]
	at org.springframework.kafka.listener.KafkaMessageListenerContainer$ListenerConsumer.doInvokeWithRecords(KafkaMessageListenerContainer.java:2620) ~[spring-kafka-3.1.2.jar!/:3.1.2]
	at org.springframework.kafka.listener.KafkaMessageListenerContainer$ListenerConsumer.invokeRecordListener(KafkaMessageListenerContainer.java:2506) ~[spring-kafka-3.1.2.jar!/:3.1.2]
	at org.springframework.kafka.listener.KafkaMessageListenerContainer$ListenerConsumer.invokeListener(KafkaMessageListenerContainer.java:2148) ~[spring-kafka-3.1.2.jar!/:3.1.2]
	at org.springframework.kafka.listener.KafkaMessageListenerContainer$ListenerConsumer.invokeIfHaveRecords(KafkaMessageListenerContainer.java:1488) ~[spring-kafka-3.1.2.jar!/:3.1.2]
	at org.springframework.kafka.listener.KafkaMessageListenerContainer$ListenerConsumer.pollAndInvoke(KafkaMessageListenerContainer.java:1453) ~[spring-kafka-3.1.2.jar!/:3.1.2]
	at org.springframework.kafka.listener.KafkaMessageListenerContainer$ListenerConsumer.run(KafkaMessageListenerContainer.java:1323) ~[spring-kafka-3.1.2.jar!/:3.1.2]
	at java.base/java.util.concurrent.CompletableFuture$AsyncRun.run(CompletableFuture.java:1804) ~[na:na]
	at java.base/java.lang.Thread.run(Thread.java:1583) ~[na:na]
Caused by: org.springframework.kafka.listener.ListenerExecutionFailedException: Listener method 'public void com.example.shipping.service.ShippingConsumer.consumePaymentProcessedEvent(com.example.common.events.PaymentProcessedEvent)' threw exception
	at org.springframework.kafka.listener.KafkaMessageListenerContainer$ListenerConsumer.decorateException(KafkaMessageListenerContainer.java:2942) ~[spring-kafka-3.1.2.jar!/:3.1.2]
	at org.springframework.kafka.listener.KafkaMessageListenerContainer$ListenerConsumer.doInvokeOnMessage(KafkaMessageListenerContainer.java:2887) ~[spring-kafka-3.1.2.jar!/:3.1.2]
	at org.springframework.kafka.listener.KafkaMessageListenerContainer$ListenerConsumer.invokeOnMessage(KafkaMessageListenerContainer.java:2851) ~[spring-kafka-3.1.2.jar!/:3.1.2]
	at org.springframework.kafka.listener.KafkaMessageListenerContainer$ListenerConsumer.lambda$doInvokeRecordListener$55(KafkaMessageListenerContainer.java:2769) ~[spring-kafka-3.1.2.jar!/:3.1.2]
	... 10 common frames omitted
	Suppressed: org.springframework.kafka.listener.ListenerExecutionFailedException: Restored Stack Trace
		at org.springframework.kafka.listener.adapter.MessagingMessageListenerAdapter.invokeHandler(MessagingMessageListenerAdapter.java:391) ~[spring-kafka-3.1.2.jar!/:3.1.2]
		at org.springframework.kafka.listener.adapter.RecordMessagingMessageListenerAdapter.onMessage(RecordMessagingMessageListenerAdapter.java:92) ~[spring-kafka-3.1.2.jar!/:3.1.2]
		at org.springframework.kafka.listener.adapter.RecordMessagingMessageListenerAdapter.onMessage(RecordMessagingMessageListenerAdapter.java:53) ~[spring-kafka-3.1.2.jar!/:3.1.2]
		at org.springframework.kafka.listener.KafkaMessageListenerContainer$ListenerConsumer.doInvokeOnMessage(KafkaMessageListenerContainer.java:2873) ~[spring-kafka-3.1.2.jar!/:3.1.2]
Caused by: java.lang.ArithmeticException: / by zero
	at com.example.shipping.service.ShippingProducer.sendShippingArrangedEvent(ShippingProducer.java:15) ~[!/:0.0.1-SNAPSHOT]
	at com.example.shipping.service.ShippingConsumer.consumePaymentProcessedEvent(ShippingConsumer.java:33) ~[!/:0.0.1-SNAPSHOT]
	at java.base/jdk.internal.reflect.DirectMethodHandleAccessor.invoke(DirectMethodHandleAccessor.java:103) ~[na:na]
	at java.base/java.lang.reflect.Method.invoke(Method.java:580) ~[na:na]
	at org.springframework.messaging.handler.invocation.InvocableHandlerMethod.doInvoke(InvocableHandlerMethod.java:169) ~[spring-messaging-6.1.4.jar!/:6.1.4]
	at org.springframework.messaging.handler.invocation.InvocableHandlerMethod.invoke(InvocableHandlerMethod.java:119) ~[spring-messaging-6.1.4.jar!/:6.1.4]
	at org.springframework.kafka.listener.adapter.HandlerAdapter.invoke(HandlerAdapter.java:56) ~[spring-kafka-3.1.2.jar!/:3.1.2]
	at org.springframework.kafka.listener.adapter.MessagingMessageListenerAdapter.invokeHandler(MessagingMessageListenerAdapter.java:376) ~[spring-kafka-3.1.2.jar!/:3.1.2]
	at org.springframework.kafka.listener.adapter.RecordMessagingMessageListenerAdapter.onMessage(RecordMessagingMessageListenerAdapter.java:92) ~[spring-kafka-3.1.2.jar!/:3.1.2]
	at org.springframework.kafka.listener.adapter.RecordMessagingMessageListenerAdapter.onMessage(RecordMessagingMessageListenerAdapter.java:53) ~[spring-kafka-3.1.2.jar!/:3.1.2]
	at org.springframework.kafka.listener.KafkaMessageListenerContainer$ListenerConsumer.doInvokeOnMessage(KafkaMessageListenerContainer.java:2873) ~[spring-kafka-3.1.2.jar!/:3.1.2]
	... 12 common frames omitted

2025-11-21T13:13:10.655+03:00  INFO 12370 --- [shipping-service] [ntainer#0-0-C-1] c.e.shipping.service.ShippingConsumer    : Consumed PaymentProcessedEvent: PaymentProcessedEvent(orderId=ae31faee-6bc2-46b4-982c-0d2a89aac21d, amount=100.0)
Hibernate: insert into shipping (order_id,status,tracking_id,id) values (?,?,?,?)
2025-11-21T13:13:10.670+03:00  INFO 12370 --- [shipping-service] [ntainer#0-0-C-1] fkaConsumerFactory$ExtendedKafkaConsumer : [Consumer clientId=consumer-shipping-group-1, groupId=shipping-group] Seeking to offset 3 for partition payment-processed-event-0
2025-11-21T13:13:10.670+03:00 ERROR 12370 --- [shipping-service] [ntainer#0-0-C-1] o.s.k.l.KafkaMessageListenerContainer    : Error handler threw an exception

org.springframework.kafka.KafkaException: Seek to current after exception
	at org.springframework.kafka.listener.SeekUtils.seekOrRecover(SeekUtils.java:208) ~[spring-kafka-3.1.2.jar!/:3.1.2]
	at org.springframework.kafka.listener.DefaultErrorHandler.handleRemaining(DefaultErrorHandler.java:168) ~[spring-kafka-3.1.2.jar!/:3.1.2]
	at org.springframework.kafka.listener.KafkaMessageListenerContainer$ListenerConsumer.invokeErrorHandler(KafkaMessageListenerContainer.java:2909) ~[spring-kafka-3.1.2.jar!/:3.1.2]
	at org.springframework.kafka.listener.KafkaMessageListenerContainer$ListenerConsumer.lambda$doInvokeRecordListener$55(KafkaMessageListenerContainer.java:2780) ~[spring-kafka-3.1.2.jar!/:3.1.2]
	at io.micrometer.observation.Observation.observe(Observation.java:565) ~[micrometer-observation-1.12.3.jar!/:1.12.3]
	at org.springframework.kafka.listener.KafkaMessageListenerContainer$ListenerConsumer.doInvokeRecordListener(KafkaMessageListenerContainer.java:2767) ~[spring-kafka-3.1.2.jar!/:3.1.2]
	at org.springframework.kafka.listener.KafkaMessageListenerContainer$ListenerConsumer.doInvokeWithRecords(KafkaMessageListenerContainer.java:2620) ~[spring-kafka-3.1.2.jar!/:3.1.2]
	at org.springframework.kafka.listener.KafkaMessageListenerContainer$ListenerConsumer.invokeRecordListener(KafkaMessageListenerContainer.java:2506) ~[spring-kafka-3.1.2.jar!/:3.1.2]
	at org.springframework.kafka.listener.KafkaMessageListenerContainer$ListenerConsumer.invokeListener(KafkaMessageListenerContainer.java:2148) ~[spring-kafka-3.1.2.jar!/:3.1.2]
	at org.springframework.kafka.listener.KafkaMessageListenerContainer$ListenerConsumer.invokeIfHaveRecords(KafkaMessageListenerContainer.java:1488) ~[spring-kafka-3.1.2.jar!/:3.1.2]
	at org.springframework.kafka.listener.KafkaMessageListenerContainer$ListenerConsumer.pollAndInvoke(KafkaMessageListenerContainer.java:1453) ~[spring-kafka-3.1.2.jar!/:3.1.2]
	at org.springframework.kafka.listener.KafkaMessageListenerContainer$ListenerConsumer.run(KafkaMessageListenerContainer.java:1323) ~[spring-kafka-3.1.2.jar!/:3.1.2]
	at java.base/java.util.concurrent.CompletableFuture$AsyncRun.run(CompletableFuture.java:1804) ~[na:na]
	at java.base/java.lang.Thread.run(Thread.java:1583) ~[na:na]
Caused by: org.springframework.kafka.listener.ListenerExecutionFailedException: Listener method 'public void com.example.shipping.service.ShippingConsumer.consumePaymentProcessedEvent(com.example.common.events.PaymentProcessedEvent)' threw exception
	at org.springframework.kafka.listener.KafkaMessageListenerContainer$ListenerConsumer.decorateException(KafkaMessageListenerContainer.java:2942) ~[spring-kafka-3.1.2.jar!/:3.1.2]
	at org.springframework.kafka.listener.KafkaMessageListenerContainer$ListenerConsumer.doInvokeOnMessage(KafkaMessageListenerContainer.java:2887) ~[spring-kafka-3.1.2.jar!/:3.1.2]
	at org.springframework.kafka.listener.KafkaMessageListenerContainer$ListenerConsumer.invokeOnMessage(KafkaMessageListenerContainer.java:2851) ~[spring-kafka-3.1.2.jar!/:3.1.2]
	at org.springframework.kafka.listener.KafkaMessageListenerContainer$ListenerConsumer.lambda$doInvokeRecordListener$55(KafkaMessageListenerContainer.java:2769) ~[spring-kafka-3.1.2.jar!/:3.1.2]
	... 10 common frames omitted
	Suppressed: org.springframework.kafka.listener.ListenerExecutionFailedException: Restored Stack Trace
		at org.springframework.kafka.listener.adapter.MessagingMessageListenerAdapter.invokeHandler(MessagingMessageListenerAdapter.java:391) ~[spring-kafka-3.1.2.jar!/:3.1.2]
		at org.springframework.kafka.listener.adapter.RecordMessagingMessageListenerAdapter.onMessage(RecordMessagingMessageListenerAdapter.java:92) ~[spring-kafka-3.1.2.jar!/:3.1.2]
		at org.springframework.kafka.listener.adapter.RecordMessagingMessageListenerAdapter.onMessage(RecordMessagingMessageListenerAdapter.java:53) ~[spring-kafka-3.1.2.jar!/:3.1.2]
		at org.springframework.kafka.listener.KafkaMessageListenerContainer$ListenerConsumer.doInvokeOnMessage(KafkaMessageListenerContainer.java:2873) ~[spring-kafka-3.1.2.jar!/:3.1.2]
Caused by: java.lang.ArithmeticException: / by zero
	at com.example.shipping.service.ShippingProducer.sendShippingArrangedEvent(ShippingProducer.java:15) ~[!/:0.0.1-SNAPSHOT]
	at com.example.shipping.service.ShippingConsumer.consumePaymentProcessedEvent(ShippingConsumer.java:33) ~[!/:0.0.1-SNAPSHOT]
	at java.base/jdk.internal.reflect.DirectMethodHandleAccessor.invoke(DirectMethodHandleAccessor.java:103) ~[na:na]
	at java.base/java.lang.reflect.Method.invoke(Method.java:580) ~[na:na]
	at org.springframework.messaging.handler.invocation.InvocableHandlerMethod.doInvoke(InvocableHandlerMethod.java:169) ~[spring-messaging-6.1.4.jar!/:6.1.4]
	at org.springframework.messaging.handler.invocation.InvocableHandlerMethod.invoke(InvocableHandlerMethod.java:119) ~[spring-messaging-6.1.4.jar!/:6.1.4]
	at org.springframework.kafka.listener.adapter.HandlerAdapter.invoke(HandlerAdapter.java:56) ~[spring-kafka-3.1.2.jar!/:3.1.2]
	at org.springframework.kafka.listener.adapter.MessagingMessageListenerAdapter.invokeHandler(MessagingMessageListenerAdapter.java:376) ~[spring-kafka-3.1.2.jar!/:3.1.2]
	at org.springframework.kafka.listener.adapter.RecordMessagingMessageListenerAdapter.onMessage(RecordMessagingMessageListenerAdapter.java:92) ~[spring-kafka-3.1.2.jar!/:3.1.2]
	at org.springframework.kafka.listener.adapter.RecordMessagingMessageListenerAdapter.onMessage(RecordMessagingMessageListenerAdapter.java:53) ~[spring-kafka-3.1.2.jar!/:3.1.2]
	at org.springframework.kafka.listener.KafkaMessageListenerContainer$ListenerConsumer.doInvokeOnMessage(KafkaMessageListenerContainer.java:2873) ~[spring-kafka-3.1.2.jar!/:3.1.2]
	... 12 common frames omitted

2025-11-21T13:13:11.161+03:00  INFO 12370 --- [shipping-service] [ntainer#0-0-C-1] c.e.shipping.service.ShippingConsumer    : Consumed PaymentProcessedEvent: PaymentProcessedEvent(orderId=ae31faee-6bc2-46b4-982c-0d2a89aac21d, amount=100.0)
Hibernate: insert into shipping (order_id,status,tracking_id,id) values (?,?,?,?)
2025-11-21T13:13:11.177+03:00  INFO 12370 --- [shipping-service] [ntainer#0-0-C-1] fkaConsumerFactory$ExtendedKafkaConsumer : [Consumer clientId=consumer-shipping-group-1, groupId=shipping-group] Seeking to offset 3 for partition payment-processed-event-0
2025-11-21T13:13:11.177+03:00 ERROR 12370 --- [shipping-service] [ntainer#0-0-C-1] o.s.k.l.KafkaMessageListenerContainer    : Error handler threw an exception

org.springframework.kafka.KafkaException: Seek to current after exception
	at org.springframework.kafka.listener.SeekUtils.seekOrRecover(SeekUtils.java:208) ~[spring-kafka-3.1.2.jar!/:3.1.2]
	at org.springframework.kafka.listener.DefaultErrorHandler.handleRemaining(DefaultErrorHandler.java:168) ~[spring-kafka-3.1.2.jar!/:3.1.2]
	at org.springframework.kafka.listener.KafkaMessageListenerContainer$ListenerConsumer.invokeErrorHandler(KafkaMessageListenerContainer.java:2909) ~[spring-kafka-3.1.2.jar!/:3.1.2]
	at org.springframework.kafka.listener.KafkaMessageListenerContainer$ListenerConsumer.lambda$doInvokeRecordListener$55(KafkaMessageListenerContainer.java:2780) ~[spring-kafka-3.1.2.jar!/:3.1.2]
	at io.micrometer.observation.Observation.observe(Observation.java:565) ~[micrometer-observation-1.12.3.jar!/:1.12.3]
	at org.springframework.kafka.listener.KafkaMessageListenerContainer$ListenerConsumer.doInvokeRecordListener(KafkaMessageListenerContainer.java:2767) ~[spring-kafka-3.1.2.jar!/:3.1.2]
	at org.springframework.kafka.listener.KafkaMessageListenerContainer$ListenerConsumer.doInvokeWithRecords(KafkaMessageListenerContainer.java:2620) ~[spring-kafka-3.1.2.jar!/:3.1.2]
	at org.springframework.kafka.listener.KafkaMessageListenerContainer$ListenerConsumer.invokeRecordListener(KafkaMessageListenerContainer.java:2506) ~[spring-kafka-3.1.2.jar!/:3.1.2]
	at org.springframework.kafka.listener.KafkaMessageListenerContainer$ListenerConsumer.invokeListener(KafkaMessageListenerContainer.java:2148) ~[spring-kafka-3.1.2.jar!/:3.1.2]
	at org.springframework.kafka.listener.KafkaMessageListenerContainer$ListenerConsumer.invokeIfHaveRecords(KafkaMessageListenerContainer.java:1488) ~[spring-kafka-3.1.2.jar!/:3.1.2]
	at org.springframework.kafka.listener.KafkaMessageListenerContainer$ListenerConsumer.pollAndInvoke(KafkaMessageListenerContainer.java:1453) ~[spring-kafka-3.1.2.jar!/:3.1.2]
	at org.springframework.kafka.listener.KafkaMessageListenerContainer$ListenerConsumer.run(KafkaMessageListenerContainer.java:1323) ~[spring-kafka-3.1.2.jar!/:3.1.2]
	at java.base/java.util.concurrent.CompletableFuture$AsyncRun.run(CompletableFuture.java:1804) ~[na:na]
	at java.base/java.lang.Thread.run(Thread.java:1583) ~[na:na]
Caused by: org.springframework.kafka.listener.ListenerExecutionFailedException: Listener method 'public void com.example.shipping.service.ShippingConsumer.consumePaymentProcessedEvent(com.example.common.events.PaymentProcessedEvent)' threw exception
	at org.springframework.kafka.listener.KafkaMessageListenerContainer$ListenerConsumer.decorateException(KafkaMessageListenerContainer.java:2942) ~[spring-kafka-3.1.2.jar!/:3.1.2]
	at org.springframework.kafka.listener.KafkaMessageListenerContainer$ListenerConsumer.doInvokeOnMessage(KafkaMessageListenerContainer.java:2887) ~[spring-kafka-3.1.2.jar!/:3.1.2]
	at org.springframework.kafka.listener.KafkaMessageListenerContainer$ListenerConsumer.invokeOnMessage(KafkaMessageListenerContainer.java:2851) ~[spring-kafka-3.1.2.jar!/:3.1.2]
	at org.springframework.kafka.listener.KafkaMessageListenerContainer$ListenerConsumer.lambda$doInvokeRecordListener$55(KafkaMessageListenerContainer.java:2769) ~[spring-kafka-3.1.2.jar!/:3.1.2]
	... 10 common frames omitted
	Suppressed: org.springframework.kafka.listener.ListenerExecutionFailedException: Restored Stack Trace
		at org.springframework.kafka.listener.adapter.MessagingMessageListenerAdapter.invokeHandler(MessagingMessageListenerAdapter.java:391) ~[spring-kafka-3.1.2.jar!/:3.1.2]
		at org.springframework.kafka.listener.adapter.RecordMessagingMessageListenerAdapter.onMessage(RecordMessagingMessageListenerAdapter.java:92) ~[spring-kafka-3.1.2.jar!/:3.1.2]
		at org.springframework.kafka.listener.adapter.RecordMessagingMessageListenerAdapter.onMessage(RecordMessagingMessageListenerAdapter.java:53) ~[spring-kafka-3.1.2.jar!/:3.1.2]
		at org.springframework.kafka.listener.KafkaMessageListenerContainer$ListenerConsumer.doInvokeOnMessage(KafkaMessageListenerContainer.java:2873) ~[spring-kafka-3.1.2.jar!/:3.1.2]
Caused by: java.lang.ArithmeticException: / by zero
	at com.example.shipping.service.ShippingProducer.sendShippingArrangedEvent(ShippingProducer.java:15) ~[!/:0.0.1-SNAPSHOT]
	at com.example.shipping.service.ShippingConsumer.consumePaymentProcessedEvent(ShippingConsumer.java:33) ~[!/:0.0.1-SNAPSHOT]
	at java.base/jdk.internal.reflect.DirectMethodHandleAccessor.invoke(DirectMethodHandleAccessor.java:103) ~[na:na]
	at java.base/java.lang.reflect.Method.invoke(Method.java:580) ~[na:na]
	at org.springframework.messaging.handler.invocation.InvocableHandlerMethod.doInvoke(InvocableHandlerMethod.java:169) ~[spring-messaging-6.1.4.jar!/:6.1.4]
	at org.springframework.messaging.handler.invocation.InvocableHandlerMethod.invoke(InvocableHandlerMethod.java:119) ~[spring-messaging-6.1.4.jar!/:6.1.4]
	at org.springframework.kafka.listener.adapter.HandlerAdapter.invoke(HandlerAdapter.java:56) ~[spring-kafka-3.1.2.jar!/:3.1.2]
	at org.springframework.kafka.listener.adapter.MessagingMessageListenerAdapter.invokeHandler(MessagingMessageListenerAdapter.java:376) ~[spring-kafka-3.1.2.jar!/:3.1.2]
	at org.springframework.kafka.listener.adapter.RecordMessagingMessageListenerAdapter.onMessage(RecordMessagingMessageListenerAdapter.java:92) ~[spring-kafka-3.1.2.jar!/:3.1.2]
	at org.springframework.kafka.listener.adapter.RecordMessagingMessageListenerAdapter.onMessage(RecordMessagingMessageListenerAdapter.java:53) ~[spring-kafka-3.1.2.jar!/:3.1.2]
	at org.springframework.kafka.listener.KafkaMessageListenerContainer$ListenerConsumer.doInvokeOnMessage(KafkaMessageListenerContainer.java:2873) ~[spring-kafka-3.1.2.jar!/:3.1.2]
	... 12 common frames omitted

2025-11-21T13:13:11.667+03:00  INFO 12370 --- [shipping-service] [ntainer#0-0-C-1] c.e.shipping.service.ShippingConsumer    : Consumed PaymentProcessedEvent: PaymentProcessedEvent(orderId=ae31faee-6bc2-46b4-982c-0d2a89aac21d, amount=100.0)
Hibernate: insert into shipping (order_id,status,tracking_id,id) values (?,?,?,?)
2025-11-21T13:13:11.684+03:00  INFO 12370 --- [shipping-service] [ntainer#0-0-C-1] fkaConsumerFactory$ExtendedKafkaConsumer : [Consumer clientId=consumer-shipping-group-1, groupId=shipping-group] Seeking to offset 3 for partition payment-processed-event-0
2025-11-21T13:13:11.684+03:00 ERROR 12370 --- [shipping-service] [ntainer#0-0-C-1] o.s.k.l.KafkaMessageListenerContainer    : Error handler threw an exception

org.springframework.kafka.KafkaException: Seek to current after exception
	at org.springframework.kafka.listener.SeekUtils.seekOrRecover(SeekUtils.java:208) ~[spring-kafka-3.1.2.jar!/:3.1.2]
	at org.springframework.kafka.listener.DefaultErrorHandler.handleRemaining(DefaultErrorHandler.java:168) ~[spring-kafka-3.1.2.jar!/:3.1.2]
	at org.springframework.kafka.listener.KafkaMessageListenerContainer$ListenerConsumer.invokeErrorHandler(KafkaMessageListenerContainer.java:2909) ~[spring-kafka-3.1.2.jar!/:3.1.2]
	at org.springframework.kafka.listener.KafkaMessageListenerContainer$ListenerConsumer.lambda$doInvokeRecordListener$55(KafkaMessageListenerContainer.java:2780) ~[spring-kafka-3.1.2.jar!/:3.1.2]
	at io.micrometer.observation.Observation.observe(Observation.java:565) ~[micrometer-observation-1.12.3.jar!/:1.12.3]
	at org.springframework.kafka.listener.KafkaMessageListenerContainer$ListenerConsumer.doInvokeRecordListener(KafkaMessageListenerContainer.java:2767) ~[spring-kafka-3.1.2.jar!/:3.1.2]
	at org.springframework.kafka.listener.KafkaMessageListenerContainer$ListenerConsumer.doInvokeWithRecords(KafkaMessageListenerContainer.java:2620) ~[spring-kafka-3.1.2.jar!/:3.1.2]
	at org.springframework.kafka.listener.KafkaMessageListenerContainer$ListenerConsumer.invokeRecordListener(KafkaMessageListenerContainer.java:2506) ~[spring-kafka-3.1.2.jar!/:3.1.2]
	at org.springframework.kafka.listener.KafkaMessageListenerContainer$ListenerConsumer.invokeListener(KafkaMessageListenerContainer.java:2148) ~[spring-kafka-3.1.2.jar!/:3.1.2]
	at org.springframework.kafka.listener.KafkaMessageListenerContainer$ListenerConsumer.invokeIfHaveRecords(KafkaMessageListenerContainer.java:1488) ~[spring-kafka-3.1.2.jar!/:3.1.2]
	at org.springframework.kafka.listener.KafkaMessageListenerContainer$ListenerConsumer.pollAndInvoke(KafkaMessageListenerContainer.java:1453) ~[spring-kafka-3.1.2.jar!/:3.1.2]
	at org.springframework.kafka.listener.KafkaMessageListenerContainer$ListenerConsumer.run(KafkaMessageListenerContainer.java:1323) ~[spring-kafka-3.1.2.jar!/:3.1.2]
	at java.base/java.util.concurrent.CompletableFuture$AsyncRun.run(CompletableFuture.java:1804) ~[na:na]
	at java.base/java.lang.Thread.run(Thread.java:1583) ~[na:na]
Caused by: org.springframework.kafka.listener.ListenerExecutionFailedException: Listener method 'public void com.example.shipping.service.ShippingConsumer.consumePaymentProcessedEvent(com.example.common.events.PaymentProcessedEvent)' threw exception
	at org.springframework.kafka.listener.KafkaMessageListenerContainer$ListenerConsumer.decorateException(KafkaMessageListenerContainer.java:2942) ~[spring-kafka-3.1.2.jar!/:3.1.2]
	at org.springframework.kafka.listener.KafkaMessageListenerContainer$ListenerConsumer.doInvokeOnMessage(KafkaMessageListenerContainer.java:2887) ~[spring-kafka-3.1.2.jar!/:3.1.2]
	at org.springframework.kafka.listener.KafkaMessageListenerContainer$ListenerConsumer.invokeOnMessage(KafkaMessageListenerContainer.java:2851) ~[spring-kafka-3.1.2.jar!/:3.1.2]
	at org.springframework.kafka.listener.KafkaMessageListenerContainer$ListenerConsumer.lambda$doInvokeRecordListener$55(KafkaMessageListenerContainer.java:2769) ~[spring-kafka-3.1.2.jar!/:3.1.2]
	... 10 common frames omitted
	Suppressed: org.springframework.kafka.listener.ListenerExecutionFailedException: Restored Stack Trace
		at org.springframework.kafka.listener.adapter.MessagingMessageListenerAdapter.invokeHandler(MessagingMessageListenerAdapter.java:391) ~[spring-kafka-3.1.2.jar!/:3.1.2]
		at org.springframework.kafka.listener.adapter.RecordMessagingMessageListenerAdapter.onMessage(RecordMessagingMessageListenerAdapter.java:92) ~[spring-kafka-3.1.2.jar!/:3.1.2]
		at org.springframework.kafka.listener.adapter.RecordMessagingMessageListenerAdapter.onMessage(RecordMessagingMessageListenerAdapter.java:53) ~[spring-kafka-3.1.2.jar!/:3.1.2]
		at org.springframework.kafka.listener.KafkaMessageListenerContainer$ListenerConsumer.doInvokeOnMessage(KafkaMessageListenerContainer.java:2873) ~[spring-kafka-3.1.2.jar!/:3.1.2]
Caused by: java.lang.ArithmeticException: / by zero
	at com.example.shipping.service.ShippingProducer.sendShippingArrangedEvent(ShippingProducer.java:15) ~[!/:0.0.1-SNAPSHOT]
	at com.example.shipping.service.ShippingConsumer.consumePaymentProcessedEvent(ShippingConsumer.java:33) ~[!/:0.0.1-SNAPSHOT]
	at java.base/jdk.internal.reflect.DirectMethodHandleAccessor.invoke(DirectMethodHandleAccessor.java:103) ~[na:na]
	at java.base/java.lang.reflect.Method.invoke(Method.java:580) ~[na:na]
	at org.springframework.messaging.handler.invocation.InvocableHandlerMethod.doInvoke(InvocableHandlerMethod.java:169) ~[spring-messaging-6.1.4.jar!/:6.1.4]
	at org.springframework.messaging.handler.invocation.InvocableHandlerMethod.invoke(InvocableHandlerMethod.java:119) ~[spring-messaging-6.1.4.jar!/:6.1.4]
	at org.springframework.kafka.listener.adapter.HandlerAdapter.invoke(HandlerAdapter.java:56) ~[spring-kafka-3.1.2.jar!/:3.1.2]
	at org.springframework.kafka.listener.adapter.MessagingMessageListenerAdapter.invokeHandler(MessagingMessageListenerAdapter.java:376) ~[spring-kafka-3.1.2.jar!/:3.1.2]
	at org.springframework.kafka.listener.adapter.RecordMessagingMessageListenerAdapter.onMessage(RecordMessagingMessageListenerAdapter.java:92) ~[spring-kafka-3.1.2.jar!/:3.1.2]
	at org.springframework.kafka.listener.adapter.RecordMessagingMessageListenerAdapter.onMessage(RecordMessagingMessageListenerAdapter.java:53) ~[spring-kafka-3.1.2.jar!/:3.1.2]
	at org.springframework.kafka.listener.KafkaMessageListenerContainer$ListenerConsumer.doInvokeOnMessage(KafkaMessageListenerContainer.java:2873) ~[spring-kafka-3.1.2.jar!/:3.1.2]
	... 12 common frames omitted

2025-11-21T13:13:12.171+03:00  INFO 12370 --- [shipping-service] [ntainer#0-0-C-1] c.e.shipping.service.ShippingConsumer    : Consumed PaymentProcessedEvent: PaymentProcessedEvent(orderId=ae31faee-6bc2-46b4-982c-0d2a89aac21d, amount=100.0)
Hibernate: insert into shipping (order_id,status,tracking_id,id) values (?,?,?,?)
2025-11-21T13:13:12.187+03:00  INFO 12370 --- [shipping-service] [ntainer#0-0-C-1] fkaConsumerFactory$ExtendedKafkaConsumer : [Consumer clientId=consumer-shipping-group-1, groupId=shipping-group] Seeking to offset 3 for partition payment-processed-event-0
2025-11-21T13:13:12.188+03:00 ERROR 12370 --- [shipping-service] [ntainer#0-0-C-1] o.s.k.l.KafkaMessageListenerContainer    : Error handler threw an exception

org.springframework.kafka.KafkaException: Seek to current after exception
	at org.springframework.kafka.listener.SeekUtils.seekOrRecover(SeekUtils.java:208) ~[spring-kafka-3.1.2.jar!/:3.1.2]
	at org.springframework.kafka.listener.DefaultErrorHandler.handleRemaining(DefaultErrorHandler.java:168) ~[spring-kafka-3.1.2.jar!/:3.1.2]
	at org.springframework.kafka.listener.KafkaMessageListenerContainer$ListenerConsumer.invokeErrorHandler(KafkaMessageListenerContainer.java:2909) ~[spring-kafka-3.1.2.jar!/:3.1.2]
	at org.springframework.kafka.listener.KafkaMessageListenerContainer$ListenerConsumer.lambda$doInvokeRecordListener$55(KafkaMessageListenerContainer.java:2780) ~[spring-kafka-3.1.2.jar!/:3.1.2]
	at io.micrometer.observation.Observation.observe(Observation.java:565) ~[micrometer-observation-1.12.3.jar!/:1.12.3]
	at org.springframework.kafka.listener.KafkaMessageListenerContainer$ListenerConsumer.doInvokeRecordListener(KafkaMessageListenerContainer.java:2767) ~[spring-kafka-3.1.2.jar!/:3.1.2]
	at org.springframework.kafka.listener.KafkaMessageListenerContainer$ListenerConsumer.doInvokeWithRecords(KafkaMessageListenerContainer.java:2620) ~[spring-kafka-3.1.2.jar!/:3.1.2]
	at org.springframework.kafka.listener.KafkaMessageListenerContainer$ListenerConsumer.invokeRecordListener(KafkaMessageListenerContainer.java:2506) ~[spring-kafka-3.1.2.jar!/:3.1.2]
	at org.springframework.kafka.listener.KafkaMessageListenerContainer$ListenerConsumer.invokeListener(KafkaMessageListenerContainer.java:2148) ~[spring-kafka-3.1.2.jar!/:3.1.2]
	at org.springframework.kafka.listener.KafkaMessageListenerContainer$ListenerConsumer.invokeIfHaveRecords(KafkaMessageListenerContainer.java:1488) ~[spring-kafka-3.1.2.jar!/:3.1.2]
	at org.springframework.kafka.listener.KafkaMessageListenerContainer$ListenerConsumer.pollAndInvoke(KafkaMessageListenerContainer.java:1453) ~[spring-kafka-3.1.2.jar!/:3.1.2]
	at org.springframework.kafka.listener.KafkaMessageListenerContainer$ListenerConsumer.run(KafkaMessageListenerContainer.java:1323) ~[spring-kafka-3.1.2.jar!/:3.1.2]
	at java.base/java.util.concurrent.CompletableFuture$AsyncRun.run(CompletableFuture.java:1804) ~[na:na]
	at java.base/java.lang.Thread.run(Thread.java:1583) ~[na:na]
Caused by: org.springframework.kafka.listener.ListenerExecutionFailedException: Listener method 'public void com.example.shipping.service.ShippingConsumer.consumePaymentProcessedEvent(com.example.common.events.PaymentProcessedEvent)' threw exception
	at org.springframework.kafka.listener.KafkaMessageListenerContainer$ListenerConsumer.decorateException(KafkaMessageListenerContainer.java:2942) ~[spring-kafka-3.1.2.jar!/:3.1.2]
	at org.springframework.kafka.listener.KafkaMessageListenerContainer$ListenerConsumer.doInvokeOnMessage(KafkaMessageListenerContainer.java:2887) ~[spring-kafka-3.1.2.jar!/:3.1.2]
	at org.springframework.kafka.listener.KafkaMessageListenerContainer$ListenerConsumer.invokeOnMessage(KafkaMessageListenerContainer.java:2851) ~[spring-kafka-3.1.2.jar!/:3.1.2]
	at org.springframework.kafka.listener.KafkaMessageListenerContainer$ListenerConsumer.lambda$doInvokeRecordListener$55(KafkaMessageListenerContainer.java:2769) ~[spring-kafka-3.1.2.jar!/:3.1.2]
	... 10 common frames omitted
	Suppressed: org.springframework.kafka.listener.ListenerExecutionFailedException: Restored Stack Trace
		at org.springframework.kafka.listener.adapter.MessagingMessageListenerAdapter.invokeHandler(MessagingMessageListenerAdapter.java:391) ~[spring-kafka-3.1.2.jar!/:3.1.2]
		at org.springframework.kafka.listener.adapter.RecordMessagingMessageListenerAdapter.onMessage(RecordMessagingMessageListenerAdapter.java:92) ~[spring-kafka-3.1.2.jar!/:3.1.2]
		at org.springframework.kafka.listener.adapter.RecordMessagingMessageListenerAdapter.onMessage(RecordMessagingMessageListenerAdapter.java:53) ~[spring-kafka-3.1.2.jar!/:3.1.2]
		at org.springframework.kafka.listener.KafkaMessageListenerContainer$ListenerConsumer.doInvokeOnMessage(KafkaMessageListenerContainer.java:2873) ~[spring-kafka-3.1.2.jar!/:3.1.2]
Caused by: java.lang.ArithmeticException: / by zero
	at com.example.shipping.service.ShippingProducer.sendShippingArrangedEvent(ShippingProducer.java:15) ~[!/:0.0.1-SNAPSHOT]
	at com.example.shipping.service.ShippingConsumer.consumePaymentProcessedEvent(ShippingConsumer.java:33) ~[!/:0.0.1-SNAPSHOT]
	at java.base/jdk.internal.reflect.DirectMethodHandleAccessor.invoke(DirectMethodHandleAccessor.java:103) ~[na:na]
	at java.base/java.lang.reflect.Method.invoke(Method.java:580) ~[na:na]
	at org.springframework.messaging.handler.invocation.InvocableHandlerMethod.doInvoke(InvocableHandlerMethod.java:169) ~[spring-messaging-6.1.4.jar!/:6.1.4]
	at org.springframework.messaging.handler.invocation.InvocableHandlerMethod.invoke(InvocableHandlerMethod.java:119) ~[spring-messaging-6.1.4.jar!/:6.1.4]
	at org.springframework.kafka.listener.adapter.HandlerAdapter.invoke(HandlerAdapter.java:56) ~[spring-kafka-3.1.2.jar!/:3.1.2]
	at org.springframework.kafka.listener.adapter.MessagingMessageListenerAdapter.invokeHandler(MessagingMessageListenerAdapter.java:376) ~[spring-kafka-3.1.2.jar!/:3.1.2]
	at org.springframework.kafka.listener.adapter.RecordMessagingMessageListenerAdapter.onMessage(RecordMessagingMessageListenerAdapter.java:92) ~[spring-kafka-3.1.2.jar!/:3.1.2]
	at org.springframework.kafka.listener.adapter.RecordMessagingMessageListenerAdapter.onMessage(RecordMessagingMessageListenerAdapter.java:53) ~[spring-kafka-3.1.2.jar!/:3.1.2]
	at org.springframework.kafka.listener.KafkaMessageListenerContainer$ListenerConsumer.doInvokeOnMessage(KafkaMessageListenerContainer.java:2873) ~[spring-kafka-3.1.2.jar!/:3.1.2]
	... 12 common frames omitted

2025-11-21T13:13:12.676+03:00  INFO 12370 --- [shipping-service] [ntainer#0-0-C-1] c.e.shipping.service.ShippingConsumer    : Consumed PaymentProcessedEvent: PaymentProcessedEvent(orderId=ae31faee-6bc2-46b4-982c-0d2a89aac21d, amount=100.0)
Hibernate: insert into shipping (order_id,status,tracking_id,id) values (?,?,?,?)
2025-11-21T13:13:12.694+03:00  INFO 12370 --- [shipping-service] [ntainer#0-0-C-1] fkaConsumerFactory$ExtendedKafkaConsumer : [Consumer clientId=consumer-shipping-group-1, groupId=shipping-group] Seeking to offset 3 for partition payment-processed-event-0
2025-11-21T13:13:12.694+03:00 ERROR 12370 --- [shipping-service] [ntainer#0-0-C-1] o.s.k.l.KafkaMessageListenerContainer    : Error handler threw an exception

org.springframework.kafka.KafkaException: Seek to current after exception
	at org.springframework.kafka.listener.SeekUtils.seekOrRecover(SeekUtils.java:208) ~[spring-kafka-3.1.2.jar!/:3.1.2]
	at org.springframework.kafka.listener.DefaultErrorHandler.handleRemaining(DefaultErrorHandler.java:168) ~[spring-kafka-3.1.2.jar!/:3.1.2]
	at org.springframework.kafka.listener.KafkaMessageListenerContainer$ListenerConsumer.invokeErrorHandler(KafkaMessageListenerContainer.java:2909) ~[spring-kafka-3.1.2.jar!/:3.1.2]
	at org.springframework.kafka.listener.KafkaMessageListenerContainer$ListenerConsumer.lambda$doInvokeRecordListener$55(KafkaMessageListenerContainer.java:2780) ~[spring-kafka-3.1.2.jar!/:3.1.2]
	at io.micrometer.observation.Observation.observe(Observation.java:565) ~[micrometer-observation-1.12.3.jar!/:1.12.3]
	at org.springframework.kafka.listener.KafkaMessageListenerContainer$ListenerConsumer.doInvokeRecordListener(KafkaMessageListenerContainer.java:2767) ~[spring-kafka-3.1.2.jar!/:3.1.2]
	at org.springframework.kafka.listener.KafkaMessageListenerContainer$ListenerConsumer.doInvokeWithRecords(KafkaMessageListenerContainer.java:2620) ~[spring-kafka-3.1.2.jar!/:3.1.2]
	at org.springframework.kafka.listener.KafkaMessageListenerContainer$ListenerConsumer.invokeRecordListener(KafkaMessageListenerContainer.java:2506) ~[spring-kafka-3.1.2.jar!/:3.1.2]
	at org.springframework.kafka.listener.KafkaMessageListenerContainer$ListenerConsumer.invokeListener(KafkaMessageListenerContainer.java:2148) ~[spring-kafka-3.1.2.jar!/:3.1.2]
	at org.springframework.kafka.listener.KafkaMessageListenerContainer$ListenerConsumer.invokeIfHaveRecords(KafkaMessageListenerContainer.java:1488) ~[spring-kafka-3.1.2.jar!/:3.1.2]
	at org.springframework.kafka.listener.KafkaMessageListenerContainer$ListenerConsumer.pollAndInvoke(KafkaMessageListenerContainer.java:1453) ~[spring-kafka-3.1.2.jar!/:3.1.2]
	at org.springframework.kafka.listener.KafkaMessageListenerContainer$ListenerConsumer.run(KafkaMessageListenerContainer.java:1323) ~[spring-kafka-3.1.2.jar!/:3.1.2]
	at java.base/java.util.concurrent.CompletableFuture$AsyncRun.run(CompletableFuture.java:1804) ~[na:na]
	at java.base/java.lang.Thread.run(Thread.java:1583) ~[na:na]
Caused by: org.springframework.kafka.listener.ListenerExecutionFailedException: Listener method 'public void com.example.shipping.service.ShippingConsumer.consumePaymentProcessedEvent(com.example.common.events.PaymentProcessedEvent)' threw exception
	at org.springframework.kafka.listener.KafkaMessageListenerContainer$ListenerConsumer.decorateException(KafkaMessageListenerContainer.java:2942) ~[spring-kafka-3.1.2.jar!/:3.1.2]
	at org.springframework.kafka.listener.KafkaMessageListenerContainer$ListenerConsumer.doInvokeOnMessage(KafkaMessageListenerContainer.java:2887) ~[spring-kafka-3.1.2.jar!/:3.1.2]
	at org.springframework.kafka.listener.KafkaMessageListenerContainer$ListenerConsumer.invokeOnMessage(KafkaMessageListenerContainer.java:2851) ~[spring-kafka-3.1.2.jar!/:3.1.2]
	at org.springframework.kafka.listener.KafkaMessageListenerContainer$ListenerConsumer.lambda$doInvokeRecordListener$55(KafkaMessageListenerContainer.java:2769) ~[spring-kafka-3.1.2.jar!/:3.1.2]
	... 10 common frames omitted
	Suppressed: org.springframework.kafka.listener.ListenerExecutionFailedException: Restored Stack Trace
		at org.springframework.kafka.listener.adapter.MessagingMessageListenerAdapter.invokeHandler(MessagingMessageListenerAdapter.java:391) ~[spring-kafka-3.1.2.jar!/:3.1.2]
		at org.springframework.kafka.listener.adapter.RecordMessagingMessageListenerAdapter.onMessage(RecordMessagingMessageListenerAdapter.java:92) ~[spring-kafka-3.1.2.jar!/:3.1.2]
		at org.springframework.kafka.listener.adapter.RecordMessagingMessageListenerAdapter.onMessage(RecordMessagingMessageListenerAdapter.java:53) ~[spring-kafka-3.1.2.jar!/:3.1.2]
		at org.springframework.kafka.listener.KafkaMessageListenerContainer$ListenerConsumer.doInvokeOnMessage(KafkaMessageListenerContainer.java:2873) ~[spring-kafka-3.1.2.jar!/:3.1.2]
Caused by: java.lang.ArithmeticException: / by zero
	at com.example.shipping.service.ShippingProducer.sendShippingArrangedEvent(ShippingProducer.java:15) ~[!/:0.0.1-SNAPSHOT]
	at com.example.shipping.service.ShippingConsumer.consumePaymentProcessedEvent(ShippingConsumer.java:33) ~[!/:0.0.1-SNAPSHOT]
	at java.base/jdk.internal.reflect.DirectMethodHandleAccessor.invoke(DirectMethodHandleAccessor.java:103) ~[na:na]
	at java.base/java.lang.reflect.Method.invoke(Method.java:580) ~[na:na]
	at org.springframework.messaging.handler.invocation.InvocableHandlerMethod.doInvoke(InvocableHandlerMethod.java:169) ~[spring-messaging-6.1.4.jar!/:6.1.4]
	at org.springframework.messaging.handler.invocation.InvocableHandlerMethod.invoke(InvocableHandlerMethod.java:119) ~[spring-messaging-6.1.4.jar!/:6.1.4]
	at org.springframework.kafka.listener.adapter.HandlerAdapter.invoke(HandlerAdapter.java:56) ~[spring-kafka-3.1.2.jar!/:3.1.2]
	at org.springframework.kafka.listener.adapter.MessagingMessageListenerAdapter.invokeHandler(MessagingMessageListenerAdapter.java:376) ~[spring-kafka-3.1.2.jar!/:3.1.2]
	at org.springframework.kafka.listener.adapter.RecordMessagingMessageListenerAdapter.onMessage(RecordMessagingMessageListenerAdapter.java:92) ~[spring-kafka-3.1.2.jar!/:3.1.2]
	at org.springframework.kafka.listener.adapter.RecordMessagingMessageListenerAdapter.onMessage(RecordMessagingMessageListenerAdapter.java:53) ~[spring-kafka-3.1.2.jar!/:3.1.2]
	at org.springframework.kafka.listener.KafkaMessageListenerContainer$ListenerConsumer.doInvokeOnMessage(KafkaMessageListenerContainer.java:2873) ~[spring-kafka-3.1.2.jar!/:3.1.2]
	... 12 common frames omitted

2025-11-21T13:13:13.182+03:00  INFO 12370 --- [shipping-service] [ntainer#0-0-C-1] c.e.shipping.service.ShippingConsumer    : Consumed PaymentProcessedEvent: PaymentProcessedEvent(orderId=ae31faee-6bc2-46b4-982c-0d2a89aac21d, amount=100.0)
Hibernate: insert into shipping (order_id,status,tracking_id,id) values (?,?,?,?)
2025-11-21T13:13:13.197+03:00  INFO 12370 --- [shipping-service] [ntainer#0-0-C-1] fkaConsumerFactory$ExtendedKafkaConsumer : [Consumer clientId=consumer-shipping-group-1, groupId=shipping-group] Seeking to offset 3 for partition payment-processed-event-0
2025-11-21T13:13:13.197+03:00 ERROR 12370 --- [shipping-service] [ntainer#0-0-C-1] o.s.k.l.KafkaMessageListenerContainer    : Error handler threw an exception

org.springframework.kafka.KafkaException: Seek to current after exception
	at org.springframework.kafka.listener.SeekUtils.seekOrRecover(SeekUtils.java:208) ~[spring-kafka-3.1.2.jar!/:3.1.2]
	at org.springframework.kafka.listener.DefaultErrorHandler.handleRemaining(DefaultErrorHandler.java:168) ~[spring-kafka-3.1.2.jar!/:3.1.2]
	at org.springframework.kafka.listener.KafkaMessageListenerContainer$ListenerConsumer.invokeErrorHandler(KafkaMessageListenerContainer.java:2909) ~[spring-kafka-3.1.2.jar!/:3.1.2]
	at org.springframework.kafka.listener.KafkaMessageListenerContainer$ListenerConsumer.lambda$doInvokeRecordListener$55(KafkaMessageListenerContainer.java:2780) ~[spring-kafka-3.1.2.jar!/:3.1.2]
	at io.micrometer.observation.Observation.observe(Observation.java:565) ~[micrometer-observation-1.12.3.jar!/:1.12.3]
	at org.springframework.kafka.listener.KafkaMessageListenerContainer$ListenerConsumer.doInvokeRecordListener(KafkaMessageListenerContainer.java:2767) ~[spring-kafka-3.1.2.jar!/:3.1.2]
	at org.springframework.kafka.listener.KafkaMessageListenerContainer$ListenerConsumer.doInvokeWithRecords(KafkaMessageListenerContainer.java:2620) ~[spring-kafka-3.1.2.jar!/:3.1.2]
	at org.springframework.kafka.listener.KafkaMessageListenerContainer$ListenerConsumer.invokeRecordListener(KafkaMessageListenerContainer.java:2506) ~[spring-kafka-3.1.2.jar!/:3.1.2]
	at org.springframework.kafka.listener.KafkaMessageListenerContainer$ListenerConsumer.invokeListener(KafkaMessageListenerContainer.java:2148) ~[spring-kafka-3.1.2.jar!/:3.1.2]
	at org.springframework.kafka.listener.KafkaMessageListenerContainer$ListenerConsumer.invokeIfHaveRecords(KafkaMessageListenerContainer.java:1488) ~[spring-kafka-3.1.2.jar!/:3.1.2]
	at org.springframework.kafka.listener.KafkaMessageListenerContainer$ListenerConsumer.pollAndInvoke(KafkaMessageListenerContainer.java:1453) ~[spring-kafka-3.1.2.jar!/:3.1.2]
	at org.springframework.kafka.listener.KafkaMessageListenerContainer$ListenerConsumer.run(KafkaMessageListenerContainer.java:1323) ~[spring-kafka-3.1.2.jar!/:3.1.2]
	at java.base/java.util.concurrent.CompletableFuture$AsyncRun.run(CompletableFuture.java:1804) ~[na:na]
	at java.base/java.lang.Thread.run(Thread.java:1583) ~[na:na]
Caused by: org.springframework.kafka.listener.ListenerExecutionFailedException: Listener method 'public void com.example.shipping.service.ShippingConsumer.consumePaymentProcessedEvent(com.example.common.events.PaymentProcessedEvent)' threw exception
	at org.springframework.kafka.listener.KafkaMessageListenerContainer$ListenerConsumer.decorateException(KafkaMessageListenerContainer.java:2942) ~[spring-kafka-3.1.2.jar!/:3.1.2]
	at org.springframework.kafka.listener.KafkaMessageListenerContainer$ListenerConsumer.doInvokeOnMessage(KafkaMessageListenerContainer.java:2887) ~[spring-kafka-3.1.2.jar!/:3.1.2]
	at org.springframework.kafka.listener.KafkaMessageListenerContainer$ListenerConsumer.invokeOnMessage(KafkaMessageListenerContainer.java:2851) ~[spring-kafka-3.1.2.jar!/:3.1.2]
	at org.springframework.kafka.listener.KafkaMessageListenerContainer$ListenerConsumer.lambda$doInvokeRecordListener$55(KafkaMessageListenerContainer.java:2769) ~[spring-kafka-3.1.2.jar!/:3.1.2]
	... 10 common frames omitted
	Suppressed: org.springframework.kafka.listener.ListenerExecutionFailedException: Restored Stack Trace
		at org.springframework.kafka.listener.adapter.MessagingMessageListenerAdapter.invokeHandler(MessagingMessageListenerAdapter.java:391) ~[spring-kafka-3.1.2.jar!/:3.1.2]
		at org.springframework.kafka.listener.adapter.RecordMessagingMessageListenerAdapter.onMessage(RecordMessagingMessageListenerAdapter.java:92) ~[spring-kafka-3.1.2.jar!/:3.1.2]
		at org.springframework.kafka.listener.adapter.RecordMessagingMessageListenerAdapter.onMessage(RecordMessagingMessageListenerAdapter.java:53) ~[spring-kafka-3.1.2.jar!/:3.1.2]
		at org.springframework.kafka.listener.KafkaMessageListenerContainer$ListenerConsumer.doInvokeOnMessage(KafkaMessageListenerContainer.java:2873) ~[spring-kafka-3.1.2.jar!/:3.1.2]
Caused by: java.lang.ArithmeticException: / by zero
	at com.example.shipping.service.ShippingProducer.sendShippingArrangedEvent(ShippingProducer.java:15) ~[!/:0.0.1-SNAPSHOT]
	at com.example.shipping.service.ShippingConsumer.consumePaymentProcessedEvent(ShippingConsumer.java:33) ~[!/:0.0.1-SNAPSHOT]
	at java.base/jdk.internal.reflect.DirectMethodHandleAccessor.invoke(DirectMethodHandleAccessor.java:103) ~[na:na]
	at java.base/java.lang.reflect.Method.invoke(Method.java:580) ~[na:na]
	at org.springframework.messaging.handler.invocation.InvocableHandlerMethod.doInvoke(InvocableHandlerMethod.java:169) ~[spring-messaging-6.1.4.jar!/:6.1.4]
	at org.springframework.messaging.handler.invocation.InvocableHandlerMethod.invoke(InvocableHandlerMethod.java:119) ~[spring-messaging-6.1.4.jar!/:6.1.4]
	at org.springframework.kafka.listener.adapter.HandlerAdapter.invoke(HandlerAdapter.java:56) ~[spring-kafka-3.1.2.jar!/:3.1.2]
	at org.springframework.kafka.listener.adapter.MessagingMessageListenerAdapter.invokeHandler(MessagingMessageListenerAdapter.java:376) ~[spring-kafka-3.1.2.jar!/:3.1.2]
	at org.springframework.kafka.listener.adapter.RecordMessagingMessageListenerAdapter.onMessage(RecordMessagingMessageListenerAdapter.java:92) ~[spring-kafka-3.1.2.jar!/:3.1.2]
	at org.springframework.kafka.listener.adapter.RecordMessagingMessageListenerAdapter.onMessage(RecordMessagingMessageListenerAdapter.java:53) ~[spring-kafka-3.1.2.jar!/:3.1.2]
	at org.springframework.kafka.listener.KafkaMessageListenerContainer$ListenerConsumer.doInvokeOnMessage(KafkaMessageListenerContainer.java:2873) ~[spring-kafka-3.1.2.jar!/:3.1.2]
	... 12 common frames omitted

2025-11-21T13:13:13.689+03:00  INFO 12370 --- [shipping-service] [ntainer#0-0-C-1] c.e.shipping.service.ShippingConsumer    : Consumed PaymentProcessedEvent: PaymentProcessedEvent(orderId=ae31faee-6bc2-46b4-982c-0d2a89aac21d, amount=100.0)
Hibernate: insert into shipping (order_id,status,tracking_id,id) values (?,?,?,?)
2025-11-21T13:13:13.700+03:00 ERROR 12370 --- [shipping-service] [ntainer#0-0-C-1] o.s.kafka.listener.DefaultErrorHandler   : Backoff FixedBackOff{interval=0, currentAttempts=10, maxAttempts=9} exhausted for payment-processed-event-0@3

org.springframework.kafka.listener.ListenerExecutionFailedException: Listener method 'public void com.example.shipping.service.ShippingConsumer.consumePaymentProcessedEvent(com.example.common.events.PaymentProcessedEvent)' threw exception
	at org.springframework.kafka.listener.KafkaMessageListenerContainer$ListenerConsumer.decorateException(KafkaMessageListenerContainer.java:2942) ~[spring-kafka-3.1.2.jar!/:3.1.2]
	at org.springframework.kafka.listener.KafkaMessageListenerContainer$ListenerConsumer.doInvokeOnMessage(KafkaMessageListenerContainer.java:2887) ~[spring-kafka-3.1.2.jar!/:3.1.2]
	at org.springframework.kafka.listener.KafkaMessageListenerContainer$ListenerConsumer.invokeOnMessage(KafkaMessageListenerContainer.java:2851) ~[spring-kafka-3.1.2.jar!/:3.1.2]
	at org.springframework.kafka.listener.KafkaMessageListenerContainer$ListenerConsumer.lambda$doInvokeRecordListener$55(KafkaMessageListenerContainer.java:2769) ~[spring-kafka-3.1.2.jar!/:3.1.2]
	at io.micrometer.observation.Observation.observe(Observation.java:565) ~[micrometer-observation-1.12.3.jar!/:1.12.3]
	at org.springframework.kafka.listener.KafkaMessageListenerContainer$ListenerConsumer.doInvokeRecordListener(KafkaMessageListenerContainer.java:2767) ~[spring-kafka-3.1.2.jar!/:3.1.2]
	at org.springframework.kafka.listener.KafkaMessageListenerContainer$ListenerConsumer.doInvokeWithRecords(KafkaMessageListenerContainer.java:2620) ~[spring-kafka-3.1.2.jar!/:3.1.2]
	at org.springframework.kafka.listener.KafkaMessageListenerContainer$ListenerConsumer.invokeRecordListener(KafkaMessageListenerContainer.java:2506) ~[spring-kafka-3.1.2.jar!/:3.1.2]
	at org.springframework.kafka.listener.KafkaMessageListenerContainer$ListenerConsumer.invokeListener(KafkaMessageListenerContainer.java:2148) ~[spring-kafka-3.1.2.jar!/:3.1.2]
	at org.springframework.kafka.listener.KafkaMessageListenerContainer$ListenerConsumer.invokeIfHaveRecords(KafkaMessageListenerContainer.java:1488) ~[spring-kafka-3.1.2.jar!/:3.1.2]
	at org.springframework.kafka.listener.KafkaMessageListenerContainer$ListenerConsumer.pollAndInvoke(KafkaMessageListenerContainer.java:1453) ~[spring-kafka-3.1.2.jar!/:3.1.2]
	at org.springframework.kafka.listener.KafkaMessageListenerContainer$ListenerConsumer.run(KafkaMessageListenerContainer.java:1323) ~[spring-kafka-3.1.2.jar!/:3.1.2]
	at java.base/java.util.concurrent.CompletableFuture$AsyncRun.run(CompletableFuture.java:1804) ~[na:na]
	at java.base/java.lang.Thread.run(Thread.java:1583) ~[na:na]
	Suppressed: org.springframework.kafka.listener.ListenerExecutionFailedException: Restored Stack Trace
		at org.springframework.kafka.listener.adapter.MessagingMessageListenerAdapter.invokeHandler(MessagingMessageListenerAdapter.java:391) ~[spring-kafka-3.1.2.jar!/:3.1.2]
		at org.springframework.kafka.listener.adapter.RecordMessagingMessageListenerAdapter.onMessage(RecordMessagingMessageListenerAdapter.java:92) ~[spring-kafka-3.1.2.jar!/:3.1.2]
		at org.springframework.kafka.listener.adapter.RecordMessagingMessageListenerAdapter.onMessage(RecordMessagingMessageListenerAdapter.java:53) ~[spring-kafka-3.1.2.jar!/:3.1.2]
		at org.springframework.kafka.listener.KafkaMessageListenerContainer$ListenerConsumer.doInvokeOnMessage(KafkaMessageListenerContainer.java:2873) ~[spring-kafka-3.1.2.jar!/:3.1.2]
Caused by: java.lang.ArithmeticException: / by zero
	at com.example.shipping.service.ShippingProducer.sendShippingArrangedEvent(ShippingProducer.java:15) ~[!/:0.0.1-SNAPSHOT]
	at com.example.shipping.service.ShippingConsumer.consumePaymentProcessedEvent(ShippingConsumer.java:33) ~[!/:0.0.1-SNAPSHOT]
	at java.base/jdk.internal.reflect.DirectMethodHandleAccessor.invoke(DirectMethodHandleAccessor.java:103) ~[na:na]
	at java.base/java.lang.reflect.Method.invoke(Method.java:580) ~[na:na]
	at org.springframework.messaging.handler.invocation.InvocableHandlerMethod.doInvoke(InvocableHandlerMethod.java:169) ~[spring-messaging-6.1.4.jar!/:6.1.4]
	at org.springframework.messaging.handler.invocation.InvocableHandlerMethod.invoke(InvocableHandlerMethod.java:119) ~[spring-messaging-6.1.4.jar!/:6.1.4]
	at org.springframework.kafka.listener.adapter.HandlerAdapter.invoke(HandlerAdapter.java:56) ~[spring-kafka-3.1.2.jar!/:3.1.2]
	at org.springframework.kafka.listener.adapter.MessagingMessageListenerAdapter.invokeHandler(MessagingMessageListenerAdapter.java:376) ~[spring-kafka-3.1.2.jar!/:3.1.2]
	at org.springframework.kafka.listener.adapter.RecordMessagingMessageListenerAdapter.onMessage(RecordMessagingMessageListenerAdapter.java:92) ~[spring-kafka-3.1.2.jar!/:3.1.2]
	at org.springframework.kafka.listener.adapter.RecordMessagingMessageListenerAdapter.onMessage(RecordMessagingMessageListenerAdapter.java:53) ~[spring-kafka-3.1.2.jar!/:3.1.2]
	at org.springframework.kafka.listener.KafkaMessageListenerContainer$ListenerConsumer.doInvokeOnMessage(KafkaMessageListenerContainer.java:2873) ~[spring-kafka-3.1.2.jar!/:3.1.2]
	... 12 common frames omitted

